Archive member included to satisfy reference by file (symbol)

d:/opt/ac6/systemworkbench/plugins/fr.ac6.mcu.externaltools.arm-none.win32_1.15.0.201708311556/tools/compiler/bin/../lib/gcc/arm-none-eabi/6.3.1/../../../../arm-none-eabi/lib/thumb/v7-m\libc.a(lib_a-errno.o)
                              src/syscalls.o (__errno)
d:/opt/ac6/systemworkbench/plugins/fr.ac6.mcu.externaltools.arm-none.win32_1.15.0.201708311556/tools/compiler/bin/../lib/gcc/arm-none-eabi/6.3.1/../../../../arm-none-eabi/lib/thumb/v7-m\libc.a(lib_a-exit.o)
                              d:/opt/ac6/systemworkbench/plugins/fr.ac6.mcu.externaltools.arm-none.win32_1.15.0.201708311556/tools/compiler/bin/../lib/gcc/arm-none-eabi/6.3.1/../../../../arm-none-eabi/lib/thumb/v7-m/crt0.o (exit)
d:/opt/ac6/systemworkbench/plugins/fr.ac6.mcu.externaltools.arm-none.win32_1.15.0.201708311556/tools/compiler/bin/../lib/gcc/arm-none-eabi/6.3.1/../../../../arm-none-eabi/lib/thumb/v7-m\libc.a(lib_a-impure.o)
                              d:/opt/ac6/systemworkbench/plugins/fr.ac6.mcu.externaltools.arm-none.win32_1.15.0.201708311556/tools/compiler/bin/../lib/gcc/arm-none-eabi/6.3.1/../../../../arm-none-eabi/lib/thumb/v7-m\libc.a(lib_a-exit.o) (_global_impure_ptr)
d:/opt/ac6/systemworkbench/plugins/fr.ac6.mcu.externaltools.arm-none.win32_1.15.0.201708311556/tools/compiler/bin/../lib/gcc/arm-none-eabi/6.3.1/../../../../arm-none-eabi/lib/thumb/v7-m\libc.a(lib_a-init.o)
                              d:/opt/ac6/systemworkbench/plugins/fr.ac6.mcu.externaltools.arm-none.win32_1.15.0.201708311556/tools/compiler/bin/../lib/gcc/arm-none-eabi/6.3.1/../../../../arm-none-eabi/lib/thumb/v7-m/crt0.o (__libc_init_array)
d:/opt/ac6/systemworkbench/plugins/fr.ac6.mcu.externaltools.arm-none.win32_1.15.0.201708311556/tools/compiler/bin/../lib/gcc/arm-none-eabi/6.3.1/../../../../arm-none-eabi/lib/thumb/v7-m\libc.a(lib_a-itoa.o)
                              src/ds1302.o (itoa)
d:/opt/ac6/systemworkbench/plugins/fr.ac6.mcu.externaltools.arm-none.win32_1.15.0.201708311556/tools/compiler/bin/../lib/gcc/arm-none-eabi/6.3.1/../../../../arm-none-eabi/lib/thumb/v7-m\libc.a(lib_a-memcpy.o)
                              src/uart.o (memcpy)
d:/opt/ac6/systemworkbench/plugins/fr.ac6.mcu.externaltools.arm-none.win32_1.15.0.201708311556/tools/compiler/bin/../lib/gcc/arm-none-eabi/6.3.1/../../../../arm-none-eabi/lib/thumb/v7-m\libc.a(lib_a-memset.o)
                              d:/opt/ac6/systemworkbench/plugins/fr.ac6.mcu.externaltools.arm-none.win32_1.15.0.201708311556/tools/compiler/bin/../lib/gcc/arm-none-eabi/6.3.1/../../../../arm-none-eabi/lib/thumb/v7-m/crt0.o (memset)
d:/opt/ac6/systemworkbench/plugins/fr.ac6.mcu.externaltools.arm-none.win32_1.15.0.201708311556/tools/compiler/bin/../lib/gcc/arm-none-eabi/6.3.1/../../../../arm-none-eabi/lib/thumb/v7-m\libc.a(lib_a-sprintf.o)
                              src/ds1302.o (sprintf)
d:/opt/ac6/systemworkbench/plugins/fr.ac6.mcu.externaltools.arm-none.win32_1.15.0.201708311556/tools/compiler/bin/../lib/gcc/arm-none-eabi/6.3.1/../../../../arm-none-eabi/lib/thumb/v7-m\libc.a(lib_a-svfprintf.o)
                              d:/opt/ac6/systemworkbench/plugins/fr.ac6.mcu.externaltools.arm-none.win32_1.15.0.201708311556/tools/compiler/bin/../lib/gcc/arm-none-eabi/6.3.1/../../../../arm-none-eabi/lib/thumb/v7-m\libc.a(lib_a-sprintf.o) (_svfprintf_r)
d:/opt/ac6/systemworkbench/plugins/fr.ac6.mcu.externaltools.arm-none.win32_1.15.0.201708311556/tools/compiler/bin/../lib/gcc/arm-none-eabi/6.3.1/../../../../arm-none-eabi/lib/thumb/v7-m\libc.a(lib_a-utoa.o)
                              d:/opt/ac6/systemworkbench/plugins/fr.ac6.mcu.externaltools.arm-none.win32_1.15.0.201708311556/tools/compiler/bin/../lib/gcc/arm-none-eabi/6.3.1/../../../../arm-none-eabi/lib/thumb/v7-m\libc.a(lib_a-itoa.o) (__utoa)
d:/opt/ac6/systemworkbench/plugins/fr.ac6.mcu.externaltools.arm-none.win32_1.15.0.201708311556/tools/compiler/bin/../lib/gcc/arm-none-eabi/6.3.1/../../../../arm-none-eabi/lib/thumb/v7-m\libc.a(lib_a-__call_atexit.o)
                              d:/opt/ac6/systemworkbench/plugins/fr.ac6.mcu.externaltools.arm-none.win32_1.15.0.201708311556/tools/compiler/bin/../lib/gcc/arm-none-eabi/6.3.1/../../../../arm-none-eabi/lib/thumb/v7-m\libc.a(lib_a-exit.o) (__call_exitprocs)
d:/opt/ac6/systemworkbench/plugins/fr.ac6.mcu.externaltools.arm-none.win32_1.15.0.201708311556/tools/compiler/bin/../lib/gcc/arm-none-eabi/6.3.1/../../../../arm-none-eabi/lib/thumb/v7-m\libc.a(lib_a-atexit.o)
                              d:/opt/ac6/systemworkbench/plugins/fr.ac6.mcu.externaltools.arm-none.win32_1.15.0.201708311556/tools/compiler/bin/../lib/gcc/arm-none-eabi/6.3.1/../../../../arm-none-eabi/lib/thumb/v7-m\libc.a(lib_a-__call_atexit.o) (atexit)
d:/opt/ac6/systemworkbench/plugins/fr.ac6.mcu.externaltools.arm-none.win32_1.15.0.201708311556/tools/compiler/bin/../lib/gcc/arm-none-eabi/6.3.1/../../../../arm-none-eabi/lib/thumb/v7-m\libc.a(lib_a-dtoa.o)
[...]
Memory Configuration

Name             Origin             Length             Attributes
RAM              0x20000000         0x00010000         xrw
ROM              0x08000000         0x00080000         xr
*default*        0x00000000         0xffffffff

Linker script and memory map

LOAD d:/opt/ac6/systemworkbench/plugins/fr.ac6.mcu.externaltools.arm-none.win32_1.15.0.201708311556/tools/compiler/bin/../lib/gcc/arm-none-eabi/6.3.1/thumb/v7-m/crti.o
LOAD d:/opt/ac6/systemworkbench/plugins/fr.ac6.mcu.externaltools.arm-none.win32_1.15.0.201708311556/tools/compiler/bin/../lib/gcc/arm-none-eabi/6.3.1/thumb/v7-m/crtbegin.o
LOAD d:/opt/ac6/systemworkbench/plugins/fr.ac6.mcu.externaltools.arm-none.win32_1.15.0.201708311556/tools/compiler/bin/../lib/gcc/arm-none-eabi/6.3.1/../../../../arm-none-eabi/lib/thumb/v7-m/crt0.o
LOAD CMSIS/core/core_cm3.o
LOAD StdPeriph_Driver/src/misc.o
LOAD StdPeriph_Driver/src/stm32f10x_adc.o
LOAD StdPeriph_Driver/src/stm32f10x_bkp.o
LOAD StdPeriph_Driver/src/stm32f10x_can.o
LOAD StdPeriph_Driver/src/stm32f10x_cec.o
LOAD StdPeriph_Driver/src/stm32f10x_crc.o
LOAD StdPeriph_Driver/src/stm32f10x_dac.o
LOAD StdPeriph_Driver/src/stm32f10x_dbgmcu.o
LOAD StdPeriph_Driver/src/stm32f10x_dma.o
LOAD StdPeriph_Driver/src/stm32f10x_exti.o
LOAD StdPeriph_Driver/src/stm32f10x_flash.o
LOAD StdPeriph_Driver/src/stm32f10x_fsmc.o
LOAD StdPeriph_Driver/src/stm32f10x_gpio.o
LOAD StdPeriph_Driver/src/stm32f10x_i2c.o
LOAD StdPeriph_Driver/src/stm32f10x_iwdg.o
LOAD StdPeriph_Driver/src/stm32f10x_pwr.o
LOAD StdPeriph_Driver/src/stm32f10x_rcc.o
LOAD StdPeriph_Driver/src/stm32f10x_rtc.o
LOAD StdPeriph_Driver/src/stm32f10x_sdio.o
LOAD StdPeriph_Driver/src/stm32f10x_spi.o
LOAD StdPeriph_Driver/src/stm32f10x_tim.o
LOAD StdPeriph_Driver/src/stm32f10x_usart.o
LOAD StdPeriph_Driver/src/stm32f10x_wwdg.o
LOAD src/delay.o
LOAD src/ds1302.o
LOAD src/irpin.o
LOAD src/main.o
LOAD src/oled.o
LOAD src/stepper.o
LOAD src/sys.o
LOAD src/syscalls.o
LOAD src/system_stm32f10x.o
LOAD src/timer.o
LOAD src/uart.o
LOAD startup/startup_stm32.o
LOAD d:/opt/ac6/systemworkbench/plugins/fr.ac6.mcu.externaltools.arm-none.win32_1.15.0.201708311556/tools/compiler/bin/../lib/gcc/arm-none-eabi/6.3.1/../../../../arm-none-eabi/lib/thumb/v7-m\libm.a
START GROUP
LOAD d:/opt/ac6/systemworkbench/plugins/fr.ac6.mcu.externaltools.arm-none.win32_1.15.0.201708311556/tools/compiler/bin/../lib/gcc/arm-none-eabi/6.3.1/thumb/v7-m\libgcc.a
LOAD d:/opt/ac6/systemworkbench/plugins/fr.ac6.mcu.externaltools.arm-none.win32_1.15.0.201708311556/tools/compiler/bin/../lib/gcc/arm-none-eabi/6.3.1/../../../../arm-none-eabi/lib/thumb/v7-m\libc.a
END GROUP
LOAD d:/opt/ac6/systemworkbench/plugins/fr.ac6.mcu.externaltools.arm-none.win32_1.15.0.201708311556/tools/compiler/bin/../lib/gcc/arm-none-eabi/6.3.1/thumb/v7-m/crtend.o
LOAD d:/opt/ac6/systemworkbench/plugins/fr.ac6.mcu.externaltools.arm-none.win32_1.15.0.201708311556/tools/compiler/bin/../lib/gcc/arm-none-eabi/6.3.1/thumb/v7-m/crtn.o
                0x20010000                _estack = 0x20010000
                0x00000000                _Min_Heap_Size = 0x0
                0x00000400                _Min_Stack_Size = 0x400

.isr_vector     0x08000000      0x130
                0x08000000                . = ALIGN (0x4)
 *(.isr_vector)
 .isr_vector    0x08000000      0x130 startup/startup_stm32.o
                0x08000000                g_pfnVectors
                0x08000130                . = ALIGN (0x4)

.text           0x08000130     0x7c10
                0x08000130                . = ALIGN (0x4)
 *(.text)
 .text          0x08000130       0x6c d:/opt/ac6/systemworkbench/plugins/fr.ac6.mcu.externaltools.arm-none.win32_1.15.0.201708311556/tools/compiler/bin/../lib/gcc/arm-none-eabi/6.3.1/thumb/v7-m/crtbegin.o
 .text          0x0800019c       0xec d:/opt/ac6/systemworkbench/plugins/fr.ac6.mcu.externaltools.arm-none.win32_1.15.0.201708311556/tools/compiler/bin/../lib/gcc/arm-none-eabi/6.3.1/../../../../arm-none-eabi/lib/thumb/v7-m\libc.a(lib_a-memcpy.o)
                0x0800019c                memcpy
 .text          0x08000288      0x370 d:/opt/ac6/systemworkbench/plugins/fr.ac6.mcu.externaltools.arm-none.win32_1.15.0.201708311556/tools/compiler/bin/../lib/gcc/arm-none-eabi/6.3.1/thumb/v7-m\libgcc.a(_arm_addsubdf3.o)
                0x08000288                __aeabi_drsub
                0x08000290                __aeabi_dsub
                0x08000290                __subdf3
                0x08000294                __aeabi_dadd
                0x08000294                __adddf3
                0x0800050c                __floatunsidf
                0x0800050c                __aeabi_ui2d
                0x0800052c                __floatsidf
                0x0800052c                __aeabi_i2d
                0x08000550                __aeabi_f2d
                0x08000550                __extendsfdf2
                0x0800058c                __floatundidf
                0x0800058c                __aeabi_ul2d
                0x0800059c                __floatdidf
                0x0800059c                __aeabi_l2d
 .text          0x080005f8      0x424 d:/opt/ac6/systemworkbench/plugins/fr.ac6.mcu.externaltools.arm-none.win32_1.15.0.201708311556/tools/compiler/bin/../lib/gcc/arm-none-eabi/6.3.1/thumb/v7-m\libgcc.a(_arm_muldivdf3.o)
                0x080005f8                __aeabi_dmul
                0x080005f8                __muldf3
                0x0800084c                __divdf3
                0x0800084c                __aeabi_ddiv
 .text          0x08000a1c      0x110 d:/opt/ac6/systemworkbench/plugins/fr.ac6.mcu.externaltools.arm-none.win32_1.15.0.201708311556/tools/compiler/bin/../lib/gcc/arm-none-eabi/6.3.1/thumb/v7-m\libgcc.a(_arm_cmpdf2.o)
                0x08000a1c                __gtdf2
                0x08000a1c                __gedf2
                0x08000a24                __ltdf2
                0x08000a24                __ledf2
                0x08000a2c                __nedf2
                0x08000a2c                __eqdf2
                0x08000a2c                __cmpdf2
                0x08000aa8                __aeabi_cdrcmple
                0x08000ab8                __aeabi_cdcmpeq
                0x08000ab8                __aeabi_cdcmple
                0x08000ac8                __aeabi_dcmpeq
                0x08000adc                __aeabi_dcmplt
                0x08000af0                __aeabi_dcmple
                0x08000b04                __aeabi_dcmpge
                0x08000b18                __aeabi_dcmpgt
 .text          0x08000b2c       0x2c d:/opt/ac6/systemworkbench/plugins/fr.ac6.mcu.externaltools.arm-none.win32_1.15.0.201708311556/tools/compiler/bin/../lib/gcc/arm-none-eabi/6.3.1/thumb/v7-m\libgcc.a(_arm_unorddf2.o)
                0x08000b2c                __unorddf2
                0x08000b2c                __aeabi_dcmpun
 .text          0x08000b58       0x50 d:/opt/ac6/systemworkbench/plugins/fr.ac6.mcu.externaltools.arm-none.win32_1.15.0.201708311556/tools/compiler/bin/../lib/gcc/arm-none-eabi/6.3.1/thumb/v7-m\libgcc.a(_arm_fixdfsi.o)
                0x08000b58                __aeabi_d2iz
                0x08000b58                __fixdfsi
 .text          0x08000ba8       0x30 d:/opt/ac6/systemworkbench/plugins/fr.ac6.mcu.externaltools.arm-none.win32_1.15.0.201708311556/tools/compiler/bin/../lib/gcc/arm-none-eabi/6.3.1/thumb/v7-m\libgcc.a(_aeabi_uldivmod.o)
                0x08000ba8                __aeabi_uldivmod
 .text          0x08000bd8      0x2dc d:/opt/ac6/systemworkbench/plugins/fr.ac6.mcu.externaltools.arm-none.win32_1.15.0.201708311556/tools/compiler/bin/../lib/gcc/arm-none-eabi/6.3.1/thumb/v7-m\libgcc.a(_udivmoddi4.o)
                0x08000bd8                __udivmoddi4
 .text          0x08000eb4        0x4 d:/opt/ac6/systemworkbench/plugins/fr.ac6.mcu.externaltools.arm-none.win32_1.15.0.201708311556/tools/compiler/bin/../lib/gcc/arm-none-eabi/6.3.1/thumb/v7-m\libgcc.a(_dvmd_tls.o)
                0x08000eb4                __aeabi_idiv0
                0x08000eb4                __aeabi_ldiv0
 *(.text*)
 .text.NVIC_PriorityGroupConfig
                0x08000eb8       0x24 StdPeriph_Driver/src/misc.o
                0x08000eb8                NVIC_PriorityGroupConfig
 .text.NVIC_Init
                0x08000edc       0xc4 StdPeriph_Driver/src/misc.o
                0x08000edc                NVIC_Init
 .text.SysTick_CLKSourceConfig
                0x08000fa0       0x38 StdPeriph_Driver/src/misc.o
                0x08000fa0                SysTick_CLKSourceConfig
 .text.FLASH_SetLatency
                0x08000fd8       0x38 StdPeriph_Driver/src/stm32f10x_flash.o
                0x08000fd8                FLASH_SetLatency
 .text.FLASH_PrefetchBufferCmd
                0x08001010       0x30 StdPeriph_Driver/src/stm32f10x_flash.o
                0x08001010                FLASH_PrefetchBufferCmd
 .text.GPIO_Init
                0x08001040      0x178 StdPeriph_Driver/src/stm32f10x_gpio.o
                0x08001040                GPIO_Init
 .text.GPIO_ReadInputDataBit
                0x080011b8       0x32 StdPeriph_Driver/src/stm32f10x_gpio.o
                0x080011b8                GPIO_ReadInputDataBit
 .text.GPIO_SetBits
                0x080011ea       0x1c StdPeriph_Driver/src/stm32f10x_gpio.o
                0x080011ea                GPIO_SetBits
 .text.GPIO_ResetBits
                0x08001206       0x1c StdPeriph_Driver/src/stm32f10x_gpio.o
                0x08001206                GPIO_ResetBits
 *fill*         0x08001222        0x2 
 .text.RCC_DeInit
                0x08001224       0x5c StdPeriph_Driver/src/stm32f10x_rcc.o
                0x08001224                RCC_DeInit
 .text.RCC_HSEConfig
                0x08001280       0x5c StdPeriph_Driver/src/stm32f10x_rcc.o
                0x08001280                RCC_HSEConfig
 .text.RCC_WaitForHSEStartUp
                0x080012dc       0x50 StdPeriph_Driver/src/stm32f10x_rcc.o
                0x080012dc                RCC_WaitForHSEStartUp
 .text.RCC_PLLConfig
                0x0800132c       0x3c StdPeriph_Driver/src/stm32f10x_rcc.o
                0x0800132c                RCC_PLLConfig
 .text.RCC_PLLCmd
                0x08001368       0x20 StdPeriph_Driver/src/stm32f10x_rcc.o
                0x08001368                RCC_PLLCmd
 .text.RCC_SYSCLKConfig
                0x08001388       0x38 StdPeriph_Driver/src/stm32f10x_rcc.o
                0x08001388                RCC_SYSCLKConfig
 .text.RCC_GetSYSCLKSource
                0x080013c0       0x1c StdPeriph_Driver/src/stm32f10x_rcc.o
                0x080013c0                RCC_GetSYSCLKSource
 .text.RCC_HCLKConfig
                0x080013dc       0x38 StdPeriph_Driver/src/stm32f10x_rcc.o
                0x080013dc                RCC_HCLKConfig
 .text.RCC_PCLK1Config
                0x08001414       0x38 StdPeriph_Driver/src/stm32f10x_rcc.o
                0x08001414                RCC_PCLK1Config
 .text.RCC_PCLK2Config
                0x0800144c       0x38 StdPeriph_Driver/src/stm32f10x_rcc.o
                0x0800144c                RCC_PCLK2Config
 .text.RCC_GetClocksFreq
                0x08001484      0x160 StdPeriph_Driver/src/stm32f10x_rcc.o
                0x08001484                RCC_GetClocksFreq
 .text.RCC_AHBPeriphClockCmd
                0x080015e4       0x3c StdPeriph_Driver/src/stm32f10x_rcc.o
                0x080015e4                RCC_AHBPeriphClockCmd
 .text.RCC_APB2PeriphClockCmd
                0x08001620       0x3c StdPeriph_Driver/src/stm32f10x_rcc.o
                0x08001620                RCC_APB2PeriphClockCmd
 .text.RCC_APB1PeriphClockCmd
                0x0800165c       0x3c StdPeriph_Driver/src/stm32f10x_rcc.o
                0x0800165c                RCC_APB1PeriphClockCmd
 .text.RCC_GetFlagStatus
                0x08001698       0x74 StdPeriph_Driver/src/stm32f10x_rcc.o
                0x08001698                RCC_GetFlagStatus
 .text.TIM_TimeBaseInit
                0x0800170c       0xf8 StdPeriph_Driver/src/stm32f10x_tim.o
                0x0800170c                TIM_TimeBaseInit
 .text.TIM_Cmd  0x08001804       0x3e StdPeriph_Driver/src/stm32f10x_tim.o
                0x08001804                TIM_Cmd
 .text.TIM_ITConfig
                0x08001842       0x46 StdPeriph_Driver/src/stm32f10x_tim.o
                0x08001842                TIM_ITConfig
 .text.TIM_ARRPreloadConfig
                0x08001888       0x3e StdPeriph_Driver/src/stm32f10x_tim.o
                0x08001888                TIM_ARRPreloadConfig
 .text.TIM_GetITStatus
                0x080018c6       0x52 StdPeriph_Driver/src/stm32f10x_tim.o
                0x080018c6                TIM_GetITStatus
 .text.TIM_ClearITPendingBit
                0x08001918       0x20 StdPeriph_Driver/src/stm32f10x_tim.o
                0x08001918                TIM_ClearITPendingBit
 .text.USART_Init
                0x08001938      0x174 StdPeriph_Driver/src/stm32f10x_usart.o
                0x08001938                USART_Init
 .text.USART_Cmd
                0x08001aac       0x3e StdPeriph_Driver/src/stm32f10x_usart.o
                0x08001aac                USART_Cmd
 .text.USART_ITConfig
                0x08001aea       0x8e StdPeriph_Driver/src/stm32f10x_usart.o
                0x08001aea                USART_ITConfig
 .text.USART_SendData
                0x08001b78       0x22 StdPeriph_Driver/src/stm32f10x_usart.o
                0x08001b78                USART_SendData
 .text.USART_ReceiveData
                0x08001b9a       0x1e StdPeriph_Driver/src/stm32f10x_usart.o
                0x08001b9a                USART_ReceiveData
 .text.USART_GetFlagStatus
                0x08001bb8       0x36 StdPeriph_Driver/src/stm32f10x_usart.o
                0x08001bb8                USART_GetFlagStatus
 .text.USART_ClearFlag
                0x08001bee       0x20 StdPeriph_Driver/src/stm32f10x_usart.o
                0x08001bee                USART_ClearFlag
 .text.USART_GetITStatus
                0x08001c0e       0xb4 StdPeriph_Driver/src/stm32f10x_usart.o
                0x08001c0e                USART_GetITStatus
 .text.USART_ClearITPendingBit
                0x08001cc2       0x38 StdPeriph_Driver/src/stm32f10x_usart.o
                0x08001cc2                USART_ClearITPendingBit
 *fill*         0x08001cfa        0x2 
 .text.delay_init
                0x08001cfc       0x4c src/delay.o
                0x08001cfc                delay_init
 .text.delay_ms
                0x08001d48       0x68 src/delay.o
                0x08001d48                delay_ms
 .text.ds1302_init
                0x08001db0       0x3a src/ds1302.o
                0x08001db0                ds1302_init
 .text.ds1302_pin_set
                0x08001dea       0x7a src/ds1302.o
                0x08001dea                ds1302_pin_set
 .text.ds1302_reset
                0x08001e64       0x20 src/ds1302.o
                0x08001e64                ds1302_reset
 .text.ds1302_write_byte
                0x08001e84      0x108 src/ds1302.o
                0x08001e84                ds1302_write_byte
 .text.ds1302_read_byte
                0x08001f8c      0x10e src/ds1302.o
                0x08001f8c                ds1302_read_byte
 .text.ds1302_write_time
                0x0800209a       0xb8 src/ds1302.o
                0x0800209a                ds1302_write_time
 *fill*         0x08002152        0x2 
 .text.ds1302_read_time
                0x08002154      0x2c0 src/ds1302.o
                0x08002154                ds1302_read_time
 .text.DS1302_INIT
                0x08002414       0x9c src/ds1302.o
                0x08002414                DS1302_INIT
 .text.ds1302_hw_set_in
                0x080024b0       0x2e src/ds1302.o
                0x080024b0                ds1302_hw_set_in
 .text.ds1302_hw_set_out
                0x080024de       0x2e src/ds1302.o
                0x080024de                ds1302_hw_set_out
 .text.irpin_init
                0x0800250c       0x3a src/irpin.o
                0x0800250c                irpin_init
 .text.irpin_reset
                0x08002546       0x12 src/irpin.o
                0x08002546                irpin_reset
 .text.irpin_pin_set
                0x08002558       0x36 src/irpin.o
                0x08002558                irpin_pin_set
 .text.irpin_read_state
                0x0800258e       0x38 src/irpin.o
                0x0800258e                irpin_read_state
 *fill*         0x080025c6        0x2 
 .text.IRPIN_INIT
                0x080025c8       0x50 src/irpin.o
                0x080025c8                IRPIN_INIT
 .text.main     0x08002618      0x1d8 src/main.o
                0x08002618                main
 .text.TIM1_UP_IRQHandler
                0x080027f0      0x278 src/main.o
                0x080027f0                TIM1_UP_IRQHandler
 .text.bluetooth_message_deal
                0x08002a68       0x88 src/main.o
                0x08002a68                bluetooth_message_deal
 .text.RCC_Configuration
                0x08002af0       0xbe src/main.o
                0x08002af0                RCC_Configuration
 .text.oled_wr_byte
                0x08002bae       0xd2 src/oled.o
                0x08002bae                oled_wr_byte
 .text.oled_set_pos
                0x08002c80       0x5a src/oled.o
                0x08002c80                oled_set_pos
 .text.oled_display_on
                0x08002cda       0x34 src/oled.o
                0x08002cda                oled_display_on
 .text.oled_display_off
                0x08002d0e       0x34 src/oled.o
                0x08002d0e                oled_display_off
 .text.oled_clear
                0x08002d42       0x6a src/oled.o
                0x08002d42                oled_clear
 .text.oled_showchar
                0x08002dac       0xb4 src/oled.o
                0x08002dac                oled_showchar
 .text.oled_pow
                0x08002e60       0x36 src/oled.o
                0x08002e60                oled_pow
 *fill*         0x08002e96        0x2 
 .text.oled_shownum
                0x08002e98       0xd4 src/oled.o
                0x08002e98                oled_shownum
 .text.oled_showstring
                0x08002f6c       0x5c src/oled.o
                0x08002f6c                oled_showstring
 .text.oled_showchinese
                0x08002fc8       0xac src/oled.o
                0x08002fc8                oled_showchinese
 .text.oled_drawbmp
                0x08003074       0x98 src/oled.o
                0x08003074                oled_drawbmp
 .text.oled_init
                0x0800310c      0x1cc src/oled.o
                0x0800310c                oled_init
 .text.oled_pin_set
                0x080032d8       0x56 src/oled.o
                0x080032d8                oled_pin_set
 *fill*         0x0800332e        0x2 
 .text.OLED_INIT
                0x08003330      0x108 src/oled.o
                0x08003330                OLED_INIT
 .text.stepper_init
                0x08003438       0x2e src/stepper.o
                0x08003438                stepper_init
 .text.stepper_pin_set
                0x08003466       0x90 src/stepper.o
                0x08003466                stepper_pin_set
 .text.stepper_reset
                0x080034f6       0x12 src/stepper.o
                0x080034f6                stepper_reset
 .text.stepper_forward
                0x08003508       0xf0 src/stepper.o
                0x08003508                stepper_forward
 .text.stepper_backward
                0x080035f8       0xf0 src/stepper.o
                0x080035f8                stepper_backward
 .text.stepper_stop
                0x080036e8       0x36 src/stepper.o
                0x080036e8                stepper_stop
 .text.stepper_enable
                0x0800371e       0x2c src/stepper.o
                0x0800371e                stepper_enable
 *fill*         0x0800374a        0x2 
 .text.STEPPER_INIT
                0x0800374c       0x98 src/stepper.o
                0x0800374c                STEPPER_INIT
 .text._sbrk    0x080037e4       0x58 src/syscalls.o
                0x080037e4                _sbrk
 .text.SystemInit
                0x0800383c       0x68 src/system_stm32f10x.o
                0x0800383c                SystemInit
 .text.SetSysClock
                0x080038a4        0xc src/system_stm32f10x.o
 .text.SetSysClockTo72
                0x080038b0      0x100 src/system_stm32f10x.o
 .text.TIM_SetInterval
                0x080039b0       0x2e src/timer.o
                0x080039b0                TIM_SetInterval
 *fill*         0x080039de        0x2 
 .text.TIM_Init
                0x080039e0       0xe8 src/timer.o
                0x080039e0                TIM_Init
 .text.TIM2_IRQHandler
                0x08003ac8       0x22 src/timer.o
                0x08003ac8                TIM2_IRQHandler
 *fill*         0x08003aea        0x2 
 .text.TIM3_IRQHandler
                0x08003aec       0x24 src/timer.o
                0x08003aec                TIM3_IRQHandler
 .text.TIM4_IRQHandler
                0x08003b10       0x24 src/timer.o
                0x08003b10                TIM4_IRQHandler
 .text.TIM5_IRQHandler
                0x08003b34       0x24 src/timer.o
                0x08003b34                TIM5_IRQHandler
 .text.TIM6_IRQHandler
                0x08003b58       0x24 src/timer.o
                0x08003b58                TIM6_IRQHandler
 .text.TIM7_IRQHandler
                0x08003b7c       0x24 src/timer.o
                0x08003b7c                TIM7_IRQHandler
 .text.TIM8_UP_IRQHandler
                0x08003ba0       0x24 src/timer.o
                0x08003ba0                TIM8_UP_IRQHandler
 .text.UART1_INIT
                0x08003bc4       0xc0 src/uart.o
                0x08003bc4                UART1_INIT
 .text.UART2_INIT
                0x08003c84       0xbc src/uart.o
                0x08003c84                UART2_INIT
 .text.uart_init
                0x08003d40       0xc2 src/uart.o
                0x08003d40                uart_init
 .text.uart_pin_set
                0x08003e02       0xa4 src/uart.o
                0x08003e02                uart_pin_set
 .text.uart_write_byte
                0x08003ea6       0x38 src/uart.o
                0x08003ea6                uart_write_byte
 .text.uart_write_string
                0x08003ede       0x98 src/uart.o
                0x08003ede                uart_write_string
 .text.uart_clear_buffer
                0x08003f76       0x38 src/uart.o
                0x08003f76                uart_clear_buffer
 *fill*         0x08003fae        0x2 
 .text.uart_fetch_data
                0x08003fb0       0x3c src/uart.o
                0x08003fb0                uart_fetch_data
 .text.USART1_IRQHandler
                0x08003fec       0x40 src/uart.o
                0x08003fec                USART1_IRQHandler
 .text.USART2_IRQHandler
                0x0800402c       0x64 src/uart.o
                0x0800402c                USART2_IRQHandler
 .text.Reset_Handler
                0x08004090       0x50 startup/startup_stm32.o
                0x08004090                Reset_Handler
 .text.Default_Handler
                0x080040e0        0x2 startup/startup_stm32.o
                0x080040e0                EXTI2_IRQHandler
                0x080040e0                TIM8_TRG_COM_IRQHandler
                0x080040e0                TIM8_CC_IRQHandler
                0x080040e0                DebugMon_Handler
                0x080040e0                TIM1_CC_IRQHandler
                0x080040e0                HardFault_Handler
                0x080040e0                SysTick_Handler
                0x080040e0                PVD_IRQHandler
                0x080040e0                SDIO_IRQHandler
                0x080040e0                PendSV_Handler
                0x080040e0                NMI_Handler
                0x080040e0                EXTI3_IRQHandler
                0x080040e0                USB_HP_CAN_TX_IRQHandler
                0x080040e0                EXTI0_IRQHandler
                0x080040e0                I2C2_EV_IRQHandler
                0x080040e0                UsageFault_Handler
                0x080040e0                ADC1_2_IRQHandler
                0x080040e0                SPI1_IRQHandler
                0x080040e0                CAN_SCE_IRQHandler
                0x080040e0                TAMPER_IRQHandler
                0x080040e0                DMA2_Channel2_IRQHandler
                0x080040e0                DMA1_Channel4_IRQHandler
                0x080040e0                USART3_IRQHandler
                0x080040e0                RTC_IRQHandler
                0x080040e0                DMA1_Channel7_IRQHandler
                0x080040e0                UART5_IRQHandler
                0x080040e0                ADC3_IRQHandler
                0x080040e0                CAN_RX1_IRQHandler
                0x080040e0                DMA2_Channel1_IRQHandler
                0x080040e0                I2C1_EV_IRQHandler
                0x080040e0                DMA1_Channel6_IRQHandler
                0x080040e0                UART4_IRQHandler
                0x080040e0                RCC_IRQHandler
                0x080040e0                TIM1_TRG_COM_IRQHandler
                0x080040e0                DMA1_Channel1_IRQHandler
                0x080040e0                Default_Handler
                0x080040e0                EXTI15_10_IRQHandler
                0x080040e0                EXTI9_5_IRQHandler
                0x080040e0                SPI2_IRQHandler
                0x080040e0                USB_LP_CAN_RX0_IRQHandler
                0x080040e0                MemManage_Handler
                0x080040e0                SVC_Handler
                0x080040e0                DMA1_Channel5_IRQHandler
                0x080040e0                EXTI4_IRQHandler
                0x080040e0                DMA1_Channel3_IRQHandler
                0x080040e0                FSMC_IRQHandler
                0x080040e0                WWDG_IRQHandler
                0x080040e0                TIM1_BRK_IRQHandler
                0x080040e0                EXTI1_IRQHandler
                0x080040e0                RTCAlarm_IRQHandler
                0x080040e0                DMA2_Channel4_5_IRQHandler
                0x080040e0                I2C2_ER_IRQHandler
                0x080040e0                DMA1_Channel2_IRQHandler
                0x080040e0                TIM8_BRK_IRQHandler
                0x080040e0                FLASH_IRQHandler
                0x080040e0                BusFault_Handler
                0x080040e0                SPI3_IRQHandler
                0x080040e0                I2C1_ER_IRQHandler
                0x080040e0                DMA2_Channel3_IRQHandler
 *fill*         0x080040e2        0x2 
 .text.__errno  0x080040e4        0xc d:/opt/ac6/systemworkbench/plugins/fr.ac6.mcu.externaltools.arm-none.win32_1.15.0.201708311556/tools/compiler/bin/../lib/gcc/arm-none-eabi/6.3.1/../../../../arm-none-eabi/lib/thumb/v7-m\libc.a(lib_a-errno.o)
                0x080040e4                __errno
 .text.__libc_init_array
                0x080040f0       0x50 d:/opt/ac6/systemworkbench/plugins/fr.ac6.mcu.externaltools.arm-none.win32_1.15.0.201708311556/tools/compiler/bin/../lib/gcc/arm-none-eabi/6.3.1/../../../../arm-none-eabi/lib/thumb/v7-m\libc.a(lib_a-init.o)
                0x080040f0                __libc_init_array
 .text.__itoa   0x08004140       0x30 d:/opt/ac6/systemworkbench/plugins/fr.ac6.mcu.externaltools.arm-none.win32_1.15.0.201708311556/tools/compiler/bin/../lib/gcc/arm-none-eabi/6.3.1/../../../../arm-none-eabi/lib/thumb/v7-m\libc.a(lib_a-itoa.o)
                0x08004140                __itoa
 .text.itoa     0x08004170        0x4 d:/opt/ac6/systemworkbench/plugins/fr.ac6.mcu.externaltools.arm-none.win32_1.15.0.201708311556/tools/compiler/bin/../lib/gcc/arm-none-eabi/6.3.1/../../../../arm-none-eabi/lib/thumb/v7-m\libc.a(lib_a-itoa.o)
                0x08004170                itoa
 .text.memset   0x08004174       0x9c d:/opt/ac6/systemworkbench/plugins/fr.ac6.mcu.externaltools.arm-none.win32_1.15.0.201708311556/tools/compiler/bin/../lib/gcc/arm-none-eabi/6.3.1/../../../../arm-none-eabi/lib/thumb/v7-m\libc.a(lib_a-memset.o)
                0x08004174                memset
 .text.sprintf  0x08004210       0x4c d:/opt/ac6/systemworkbench/plugins/fr.ac6.mcu.externaltools.arm-none.win32_1.15.0.201708311556/tools/compiler/bin/../lib/gcc/arm-none-eabi/6.3.1/../../../../arm-none-eabi/lib/thumb/v7-m\libc.a(lib_a-sprintf.o)
                0x08004210                sprintf
 .text._svfprintf_r
                0x0800425c     0x1500 d:/opt/ac6/systemworkbench/plugins/fr.ac6.mcu.externaltools.arm-none.win32_1.15.0.201708311556/tools/compiler/bin/../lib/gcc/arm-none-eabi/6.3.1/../../../../arm-none-eabi/lib/thumb/v7-m\libc.a(lib_a-svfprintf.o)
                0x0800425c                _svfprintf_r
 .text.__utoa   0x0800575c       0x80 d:/opt/ac6/systemworkbench/plugins/fr.ac6.mcu.externaltools.arm-none.win32_1.15.0.201708311556/tools/compiler/bin/../lib/gcc/arm-none-eabi/6.3.1/../../../../arm-none-eabi/lib/thumb/v7-m\libc.a(lib_a-utoa.o)
                0x0800575c                __utoa
 .text.startup.register_fini
                0x080057dc       0x14 d:/opt/ac6/systemworkbench/plugins/fr.ac6.mcu.externaltools.arm-none.win32_1.15.0.201708311556/tools/compiler/bin/../lib/gcc/arm-none-eabi/6.3.1/../../../../arm-none-eabi/lib/thumb/v7-m\libc.a(lib_a-__call_atexit.o)
 .text.atexit   0x080057f0        0xc d:/opt/ac6/systemworkbench/plugins/fr.ac6.mcu.externaltools.arm-none.win32_1.15.0.201708311556/tools/compiler/bin/../lib/gcc/arm-none-eabi/6.3.1/../../../../arm-none-eabi/lib/thumb/v7-m\libc.a(lib_a-atexit.o)
                0x080057f0                atexit
 .text.quorem   0x080057fc      0x128 d:/opt/ac6/systemworkbench/plugins/fr.ac6.mcu.externaltools.arm-none.win32_1.15.0.201708311556/tools/compiler/bin/../lib/gcc/arm-none-eabi/6.3.1/../../../../arm-none-eabi/lib/thumb/v7-m\libc.a(lib_a-dtoa.o)
 *fill*         0x08005924        0x4 
 .text._dtoa_r  0x08005928      0xe44 d:/opt/ac6/systemworkbench/plugins/fr.ac6.mcu.externaltools.arm-none.win32_1.15.0.201708311556/tools/compiler/bin/../lib/gcc/arm-none-eabi/6.3.1/../../../../arm-none-eabi/lib/thumb/v7-m\libc.a(lib_a-dtoa.o)
                0x08005928                _dtoa_r
 .text.__libc_fini_array
                0x0800676c       0x34 d:/opt/ac6/systemworkbench/plugins/fr.ac6.mcu.externaltools.arm-none.win32_1.15.0.201708311556/tools/compiler/bin/../lib/gcc/arm-none-eabi/6.3.1/../../../../arm-none-eabi/lib/thumb/v7-m\libc.a(lib_a-fini.o)
                0x0800676c                __libc_fini_array
 .text._localeconv_r
                0x080067a0       0x1c d:/opt/ac6/systemworkbench/plugins/fr.ac6.mcu.externaltools.arm-none.win32_1.15.0.201708311556/tools/compiler/bin/../lib/gcc/arm-none-eabi/6.3.1/../../../../arm-none-eabi/lib/thumb/v7-m\libc.a(lib_a-localeconv.o)
                0x080067a0                _localeconv_r
 .text.__retarget_lock_acquire_recursive
                0x080067bc        0x4 d:/opt/ac6/systemworkbench/plugins/fr.ac6.mcu.externaltools.arm-none.win32_1.15.0.201708311556/tools/compiler/bin/../lib/gcc/arm-none-eabi/6.3.1/../../../../arm-none-eabi/lib/thumb/v7-m\libc.a(lib_a-lock.o)
                0x080067bc                __retarget_lock_acquire_recursive
 .text.__retarget_lock_release_recursive
                0x080067c0        0x4 d:/opt/ac6/systemworkbench/plugins/fr.ac6.mcu.externaltools.arm-none.win32_1.15.0.201708311556/tools/compiler/bin/../lib/gcc/arm-none-eabi/6.3.1/../../../../arm-none-eabi/lib/thumb/v7-m\libc.a(lib_a-lock.o)
                0x080067c0                __retarget_lock_release_recursive
 .text._malloc_r
                0x080067c4      0x544 d:/opt/ac6/systemworkbench/plugins/fr.ac6.mcu.externaltools.arm-none.win32_1.15.0.201708311556/tools/compiler/bin/../lib/gcc/arm-none-eabi/6.3.1/../../../../arm-none-eabi/lib/thumb/v7-m\libc.a(lib_a-mallocr.o)
                0x080067c4                _malloc_r
 .text.memchr   0x08006d08       0x8c d:/opt/ac6/systemworkbench/plugins/fr.ac6.mcu.externaltools.arm-none.win32_1.15.0.201708311556/tools/compiler/bin/../lib/gcc/arm-none-eabi/6.3.1/../../../../arm-none-eabi/lib/thumb/v7-m\libc.a(lib_a-memchr-stub.o)
                0x08006d08                memchr
 .text.__malloc_lock
                0x08006d94        0xc d:/opt/ac6/systemworkbench/plugins/fr.ac6.mcu.externaltools.arm-none.win32_1.15.0.201708311556/tools/compiler/bin/../lib/gcc/arm-none-eabi/6.3.1/../../../../arm-none-eabi/lib/thumb/v7-m\libc.a(lib_a-mlock.o)
                0x08006d94                __malloc_lock
 .text.__malloc_unlock
                0x08006da0        0xc d:/opt/ac6/systemworkbench/plugins/fr.ac6.mcu.externaltools.arm-none.win32_1.15.0.201708311556/tools/compiler/bin/../lib/gcc/arm-none-eabi/6.3.1/../../../../arm-none-eabi/lib/thumb/v7-m\libc.a(lib_a-mlock.o)
                0x08006da0                __malloc_unlock
 .text._Balloc  0x08006dac       0x4c d:/opt/ac6/systemworkbench/plugins/fr.ac6.mcu.externaltools.arm-none.win32_1.15.0.201708311556/tools/compiler/bin/../lib/gcc/arm-none-eabi/6.3.1/../../../../arm-none-eabi/lib/thumb/v7-m\libc.a(lib_a-mprec.o)
                0x08006dac                _Balloc
 .text._Bfree   0x08006df8       0x14 d:/opt/ac6/systemworkbench/plugins/fr.ac6.mcu.externaltools.arm-none.win32_1.15.0.201708311556/tools/compiler/bin/../lib/gcc/arm-none-eabi/6.3.1/../../../../arm-none-eabi/lib/thumb/v7-m\libc.a(lib_a-mprec.o)
                0x08006df8                _Bfree
 .text.__multadd
                0x08006e0c       0x84 d:/opt/ac6/systemworkbench/plugins/fr.ac6.mcu.externaltools.arm-none.win32_1.15.0.201708311556/tools/compiler/bin/../lib/gcc/arm-none-eabi/6.3.1/../../../../arm-none-eabi/lib/thumb/v7-m\libc.a(lib_a-mprec.o)
                0x08006e0c                __multadd
 .text.__hi0bits
                0x08006e90       0x40 d:/opt/ac6/systemworkbench/plugins/fr.ac6.mcu.externaltools.arm-none.win32_1.15.0.201708311556/tools/compiler/bin/../lib/gcc/arm-none-eabi/6.3.1/../../../../arm-none-eabi/lib/thumb/v7-m\libc.a(lib_a-mprec.o)
                0x08006e90                __hi0bits
 .text.__lo0bits
                0x08006ed0       0x60 d:/opt/ac6/systemworkbench/plugins/fr.ac6.mcu.externaltools.arm-none.win32_1.15.0.201708311556/tools/compiler/bin/../lib/gcc/arm-none-eabi/6.3.1/../../../../arm-none-eabi/lib/thumb/v7-m\libc.a(lib_a-mprec.o)
                0x08006ed0                __lo0bits
 .text.__i2b    0x08006f30       0x14 d:/opt/ac6/systemworkbench/plugins/fr.ac6.mcu.externaltools.arm-none.win32_1.15.0.201708311556/tools/compiler/bin/../lib/gcc/arm-none-eabi/6.3.1/../../../../arm-none-eabi/lib/thumb/v7-m\libc.a(lib_a-mprec.o)
                0x08006f30                __i2b
 .text.__multiply
                0x08006f44      0x124 d:/opt/ac6/systemworkbench/plugins/fr.ac6.mcu.externaltools.arm-none.win32_1.15.0.201708311556/tools/compiler/bin/../lib/gcc/arm-none-eabi/6.3.1/../../../../arm-none-eabi/lib/thumb/v7-m\libc.a(lib_a-mprec.o)
                0x08006f44                __multiply
 .text.__pow5mult
                0x08007068       0xa0 d:/opt/ac6/systemworkbench/plugins/fr.ac6.mcu.externaltools.arm-none.win32_1.15.0.201708311556/tools/compiler/bin/../lib/gcc/arm-none-eabi/6.3.1/../../../../arm-none-eabi/lib/thumb/v7-m\libc.a(lib_a-mprec.o)
                0x08007068                __pow5mult
 .text.__lshift
                0x08007108       0xa0 d:/opt/ac6/systemworkbench/plugins/fr.ac6.mcu.externaltools.arm-none.win32_1.15.0.201708311556/tools/compiler/bin/../lib/gcc/arm-none-eabi/6.3.1/../../../../arm-none-eabi/lib/thumb/v7-m\libc.a(lib_a-mprec.o)
                0x08007108                __lshift
 .text.__mcmp   0x080071a8       0x38 d:/opt/ac6/systemworkbench/plugins/fr.ac6.mcu.externaltools.arm-none.win32_1.15.0.201708311556/tools/compiler/bin/../lib/gcc/arm-none-eabi/6.3.1/../../../../arm-none-eabi/lib/thumb/v7-m\libc.a(lib_a-mprec.o)
                0x080071a8                __mcmp
 .text.__mdiff  0x080071e0      0x11c d:/opt/ac6/systemworkbench/plugins/fr.ac6.mcu.externaltools.arm-none.win32_1.15.0.201708311556/tools/compiler/bin/../lib/gcc/arm-none-eabi/6.3.1/../../../../arm-none-eabi/lib/thumb/v7-m\libc.a(lib_a-mprec.o)
                0x080071e0                __mdiff
 .text.__d2b    0x080072fc       0xa8 d:/opt/ac6/systemworkbench/plugins/fr.ac6.mcu.externaltools.arm-none.win32_1.15.0.201708311556/tools/compiler/bin/../lib/gcc/arm-none-eabi/6.3.1/../../../../arm-none-eabi/lib/thumb/v7-m\libc.a(lib_a-mprec.o)
                0x080072fc                __d2b
 .text._sbrk_r  0x080073a4       0x24 d:/opt/ac6/systemworkbench/plugins/fr.ac6.mcu.externaltools.arm-none.win32_1.15.0.201708311556/tools/compiler/bin/../lib/gcc/arm-none-eabi/6.3.1/../../../../arm-none-eabi/lib/thumb/v7-m\libc.a(lib_a-sbrkr.o)
                0x080073a4                _sbrk_r
 .text.strlen   0x080073c8       0x5c d:/opt/ac6/systemworkbench/plugins/fr.ac6.mcu.externaltools.arm-none.win32_1.15.0.201708311556/tools/compiler/bin/../lib/gcc/arm-none-eabi/6.3.1/../../../../arm-none-eabi/lib/thumb/v7-m\libc.a(lib_a-strlen-stub.o)
                0x080073c8                strlen
 .text.__ssprint_r
                0x08007424       0xfc d:/opt/ac6/systemworkbench/plugins/fr.ac6.mcu.externaltools.arm-none.win32_1.15.0.201708311556/tools/compiler/bin/../lib/gcc/arm-none-eabi/6.3.1/../../../../arm-none-eabi/lib/thumb/v7-m\libc.a(lib_a-svfiprintf.o)
                0x08007424                __ssprint_r
 .text.__register_exitproc
                0x08007520       0xc4 d:/opt/ac6/systemworkbench/plugins/fr.ac6.mcu.externaltools.arm-none.win32_1.15.0.201708311556/tools/compiler/bin/../lib/gcc/arm-none-eabi/6.3.1/../../../../arm-none-eabi/lib/thumb/v7-m\libc.a(lib_a-__atexit.o)
                0x08007520                __register_exitproc
 .text._calloc_r
                0x080075e4       0x60 d:/opt/ac6/systemworkbench/plugins/fr.ac6.mcu.externaltools.arm-none.win32_1.15.0.201708311556/tools/compiler/bin/../lib/gcc/arm-none-eabi/6.3.1/../../../../arm-none-eabi/lib/thumb/v7-m\libc.a(lib_a-callocr.o)
                0x080075e4                _calloc_r
 .text._malloc_trim_r
                0x08007644       0xa0 d:/opt/ac6/systemworkbench/plugins/fr.ac6.mcu.externaltools.arm-none.win32_1.15.0.201708311556/tools/compiler/bin/../lib/gcc/arm-none-eabi/6.3.1/../../../../arm-none-eabi/lib/thumb/v7-m\libc.a(lib_a-freer.o)
                0x08007644                _malloc_trim_r
 .text._free_r  0x080076e4      0x1cc d:/opt/ac6/systemworkbench/plugins/fr.ac6.mcu.externaltools.arm-none.win32_1.15.0.201708311556/tools/compiler/bin/../lib/gcc/arm-none-eabi/6.3.1/../../../../arm-none-eabi/lib/thumb/v7-m\libc.a(lib_a-freer.o)
                0x080076e4                _free_r
 .text.__ascii_mbtowc
                0x080078b0       0x2c d:/opt/ac6/systemworkbench/plugins/fr.ac6.mcu.externaltools.arm-none.win32_1.15.0.201708311556/tools/compiler/bin/../lib/gcc/arm-none-eabi/6.3.1/../../../../arm-none-eabi/lib/thumb/v7-m\libc.a(lib_a-mbtowc_r.o)
                0x080078b0                __ascii_mbtowc
 .text.memmove  0x080078dc       0xc8 d:/opt/ac6/systemworkbench/plugins/fr.ac6.mcu.externaltools.arm-none.win32_1.15.0.201708311556/tools/compiler/bin/../lib/gcc/arm-none-eabi/6.3.1/../../../../arm-none-eabi/lib/thumb/v7-m\libc.a(lib_a-memmove.o)
                0x080078dc                memmove
 .text._realloc_r
                0x080079a4      0x36c d:/opt/ac6/systemworkbench/plugins/fr.ac6.mcu.externaltools.arm-none.win32_1.15.0.201708311556/tools/compiler/bin/../lib/gcc/arm-none-eabi/6.3.1/../../../../arm-none-eabi/lib/thumb/v7-m\libc.a(lib_a-reallocr.o)
                0x080079a4                _realloc_r
 .text.__ascii_wctomb
                0x08007d10       0x18 d:/opt/ac6/systemworkbench/plugins/fr.ac6.mcu.externaltools.arm-none.win32_1.15.0.201708311556/tools/compiler/bin/../lib/gcc/arm-none-eabi/6.3.1/../../../../arm-none-eabi/lib/thumb/v7-m\libc.a(lib_a-wctomb_r.o)
                0x08007d10                __ascii_wctomb
 *(.glue_7)
 .glue_7        0x08007d28        0x0 linker stubs
 *(.glue_7t)
 .glue_7t       0x08007d28        0x0 linker stubs
 *(.eh_frame)
 .eh_frame      0x08007d28        0x0 d:/opt/ac6/systemworkbench/plugins/fr.ac6.mcu.externaltools.arm-none.win32_1.15.0.201708311556/tools/compiler/bin/../lib/gcc/arm-none-eabi/6.3.1/thumb/v7-m/crtbegin.o
 *(.init)
 .init          0x08007d28        0x4 d:/opt/ac6/systemworkbench/plugins/fr.ac6.mcu.externaltools.arm-none.win32_1.15.0.201708311556/tools/compiler/bin/../lib/gcc/arm-none-eabi/6.3.1/thumb/v7-m/crti.o
                0x08007d28                _init
 .init          0x08007d2c        0x8 d:/opt/ac6/systemworkbench/plugins/fr.ac6.mcu.externaltools.arm-none.win32_1.15.0.201708311556/tools/compiler/bin/../lib/gcc/arm-none-eabi/6.3.1/thumb/v7-m/crtn.o
 *(.fini)
 .fini          0x08007d34        0x4 d:/opt/ac6/systemworkbench/plugins/fr.ac6.mcu.externaltools.arm-none.win32_1.15.0.201708311556/tools/compiler/bin/../lib/gcc/arm-none-eabi/6.3.1/thumb/v7-m/crti.o
                0x08007d34                _fini
 .fini          0x08007d38        0x8 d:/opt/ac6/systemworkbench/plugins/fr.ac6.mcu.externaltools.arm-none.win32_1.15.0.201708311556/tools/compiler/bin/../lib/gcc/arm-none-eabi/6.3.1/thumb/v7-m/crtn.o
                0x08007d40                . = ALIGN (0x4)
                0x08007d40                _etext = .

.vfp11_veneer   0x08007d40        0x0
 .vfp11_veneer  0x08007d40        0x0 linker stubs

.v4_bx          0x08007d40        0x0
 .v4_bx         0x08007d40        0x0 linker stubs

.iplt           0x08007d40        0x0
 .iplt          0x08007d40        0x0 d:/opt/ac6/systemworkbench/plugins/fr.ac6.mcu.externaltools.arm-none.win32_1.15.0.201708311556/tools/compiler/bin/../lib/gcc/arm-none-eabi/6.3.1/thumb/v7-m/crtbegin.o

.rodata         0x08007d40      0xb10
                0x08007d40                . = ALIGN (0x4)
 *(.rodata)
 .rodata        0x08007d40       0x22 src/ds1302.o
 *fill*         0x08007d62        0x2 
 .rodata        0x08007d64       0x24 src/main.o
                0x08007d64                password
 .rodata        0x08007d88      0x818 src/oled.o
                0x08007d88                F6x8
                0x08007fb0                F8X16
 *(.rodata*)
 .rodata._global_impure_ptr
                0x080085a0        0x4 d:/opt/ac6/systemworkbench/plugins/fr.ac6.mcu.externaltools.arm-none.win32_1.15.0.201708311556/tools/compiler/bin/../lib/gcc/arm-none-eabi/6.3.1/../../../../arm-none-eabi/lib/thumb/v7-m\libc.a(lib_a-impure.o)
                0x080085a0                _global_impure_ptr
 .rodata._svfprintf_r.str1.4
                0x080085a4       0x42 d:/opt/ac6/systemworkbench/plugins/fr.ac6.mcu.externaltools.arm-none.win32_1.15.0.201708311556/tools/compiler/bin/../lib/gcc/arm-none-eabi/6.3.1/../../../../arm-none-eabi/lib/thumb/v7-m\libc.a(lib_a-svfprintf.o)
 *fill*         0x080085e6        0x2 
 .rodata.blanks.7223
                0x080085e8       0x10 d:/opt/ac6/systemworkbench/plugins/fr.ac6.mcu.externaltools.arm-none.win32_1.15.0.201708311556/tools/compiler/bin/../lib/gcc/arm-none-eabi/6.3.1/../../../../arm-none-eabi/lib/thumb/v7-m\libc.a(lib_a-svfprintf.o)
 .rodata.zeroes.7224
                0x080085f8       0x10 d:/opt/ac6/systemworkbench/plugins/fr.ac6.mcu.externaltools.arm-none.win32_1.15.0.201708311556/tools/compiler/bin/../lib/gcc/arm-none-eabi/6.3.1/../../../../arm-none-eabi/lib/thumb/v7-m\libc.a(lib_a-svfprintf.o)
 .rodata.__utoa.str1.4
                0x08008608       0x25 d:/opt/ac6/systemworkbench/plugins/fr.ac6.mcu.externaltools.arm-none.win32_1.15.0.201708311556/tools/compiler/bin/../lib/gcc/arm-none-eabi/6.3.1/../../../../arm-none-eabi/lib/thumb/v7-m\libc.a(lib_a-utoa.o)
 *fill*         0x0800862d        0x3 
 .rodata._dtoa_r.str1.4
                0x08008630       0x10 d:/opt/ac6/systemworkbench/plugins/fr.ac6.mcu.externaltools.arm-none.win32_1.15.0.201708311556/tools/compiler/bin/../lib/gcc/arm-none-eabi/6.3.1/../../../../arm-none-eabi/lib/thumb/v7-m\libc.a(lib_a-dtoa.o)
                                 0x12 (size before relaxing)
 .rodata.__mprec_bigtens
                0x08008640       0x28 d:/opt/ac6/systemworkbench/plugins/fr.ac6.mcu.externaltools.arm-none.win32_1.15.0.201708311556/tools/compiler/bin/../lib/gcc/arm-none-eabi/6.3.1/../../../../arm-none-eabi/lib/thumb/v7-m\libc.a(lib_a-mprec.o)
                0x08008640                __mprec_bigtens
 .rodata.__mprec_tens
                0x08008668       0xc8 d:/opt/ac6/systemworkbench/plugins/fr.ac6.mcu.externaltools.arm-none.win32_1.15.0.201708311556/tools/compiler/bin/../lib/gcc/arm-none-eabi/6.3.1/../../../../arm-none-eabi/lib/thumb/v7-m\libc.a(lib_a-mprec.o)
                0x08008668                __mprec_tens
 .rodata.p05.6055
                0x08008730        0xc d:/opt/ac6/systemworkbench/plugins/fr.ac6.mcu.externaltools.arm-none.win32_1.15.0.201708311556/tools/compiler/bin/../lib/gcc/arm-none-eabi/6.3.1/../../../../arm-none-eabi/lib/thumb/v7-m\libc.a(lib_a-mprec.o)
 .rodata._setlocale_r.str1.4
                0x0800873c        0xa d:/opt/ac6/systemworkbench/plugins/fr.ac6.mcu.externaltools.arm-none.win32_1.15.0.201708311556/tools/compiler/bin/../lib/gcc/arm-none-eabi/6.3.1/../../../../arm-none-eabi/lib/thumb/v7-m\libc.a(lib_a-locale.o)
                                  0xd (size before relaxing)
 *fill*         0x08008746        0x2 
 .rodata.str1.4
                0x08008748        0x4 d:/opt/ac6/systemworkbench/plugins/fr.ac6.mcu.externaltools.arm-none.win32_1.15.0.201708311556/tools/compiler/bin/../lib/gcc/arm-none-eabi/6.3.1/../../../../arm-none-eabi/lib/thumb/v7-m\libc.a(lib_a-locale.o)
                                  0x2 (size before relaxing)
 .rodata._ctype_
                0x0800874c      0x101 d:/opt/ac6/systemworkbench/plugins/fr.ac6.mcu.externaltools.arm-none.win32_1.15.0.201708311556/tools/compiler/bin/../lib/gcc/arm-none-eabi/6.3.1/../../../../arm-none-eabi/lib/thumb/v7-m\libc.a(lib_a-ctype_.o)
                0x0800874c                _ctype_
                0x08008850                . = ALIGN (0x4)
 *fill*         0x0800884d        0x3 

.ARM.extab      0x08008850        0x0
                0x08008850                . = ALIGN (0x4)
 *(.ARM.extab* .gnu.linkonce.armextab.*)
                0x08008850                . = ALIGN (0x4)

.ARM            0x08008850        0x8
                0x08008850                . = ALIGN (0x4)
                0x08008850                __exidx_start = .
 *(.ARM.exidx*)
 .ARM.exidx     0x08008850        0x8 d:/opt/ac6/systemworkbench/plugins/fr.ac6.mcu.externaltools.arm-none.win32_1.15.0.201708311556/tools/compiler/bin/../lib/gcc/arm-none-eabi/6.3.1/thumb/v7-m\libgcc.a(_udivmoddi4.o)
                0x08008858                __exidx_end = .
                0x08008858                . = ALIGN (0x4)

.rel.dyn        0x08008858        0x0
 .rel.iplt      0x08008858        0x0 d:/opt/ac6/systemworkbench/plugins/fr.ac6.mcu.externaltools.arm-none.win32_1.15.0.201708311556/tools/compiler/bin/../lib/gcc/arm-none-eabi/6.3.1/thumb/v7-m/crtbegin.o

.preinit_array  0x08008858        0x0
                0x08008858                . = ALIGN (0x4)
                0x08008858                PROVIDE (__preinit_array_start, .)
 *(.preinit_array*)
                0x08008858                PROVIDE (__preinit_array_end, .)
                0x08008858                . = ALIGN (0x4)

.init_array     0x08008858        0x8
                0x08008858                . = ALIGN (0x4)
                0x08008858                PROVIDE (__init_array_start, .)
 *(SORT(.init_array.*))
 .init_array.00000
                0x08008858        0x4 d:/opt/ac6/systemworkbench/plugins/fr.ac6.mcu.externaltools.arm-none.win32_1.15.0.201708311556/tools/compiler/bin/../lib/gcc/arm-none-eabi/6.3.1/../../../../arm-none-eabi/lib/thumb/v7-m\libc.a(lib_a-__call_atexit.o)
 *(.init_array*)
 .init_array    0x0800885c        0x4 d:/opt/ac6/systemworkbench/plugins/fr.ac6.mcu.externaltools.arm-none.win32_1.15.0.201708311556/tools/compiler/bin/../lib/gcc/arm-none-eabi/6.3.1/thumb/v7-m/crtbegin.o
                0x08008860                PROVIDE (__init_array_end, .)
                0x08008860                . = ALIGN (0x4)

.fini_array     0x08008860        0x4
                0x08008860                . = ALIGN (0x4)
                0x08008860                PROVIDE (__fini_array_start, .)
 *(SORT(.fini_array.*))
 *(.fini_array*)
 .fini_array    0x08008860        0x4 d:/opt/ac6/systemworkbench/plugins/fr.ac6.mcu.externaltools.arm-none.win32_1.15.0.201708311556/tools/compiler/bin/../lib/gcc/arm-none-eabi/6.3.1/thumb/v7-m/crtbegin.o
                0x08008864                PROVIDE (__fini_array_end, .)
                0x08008864                . = ALIGN (0x4)
                0x08008864                _sidata = LOADADDR (.data)

.data           0x20000000      0xbc8 load address 0x08008864
                0x20000000                . = ALIGN (0x4)
                0x20000000                _sdata = .
 *(.data)
 .data          0x20000000       0x14 StdPeriph_Driver/src/stm32f10x_rcc.o
 .data          0x20000014        0x8 src/ds1302.o
                0x20000014                time_buf
 .data          0x2000001c        0x1 src/main.o
                0x2000001c                time_read_flag
 *fill*         0x2000001d        0x3 
 .data          0x20000020      0x1c0 src/oled.o
                0x20000020                Hzk
 .data          0x200001e0       0x14 src/system_stm32f10x.o
                0x200001e0                SystemCoreClock
                0x200001e4                AHBPrescTable
 .data          0x200001f4       0x28 src/timer.o
                0x200001f4                TIM
                0x20000214                TIM_IRQChannel
 *(.data*)
 .data._impure_ptr
                0x2000021c        0x4 d:/opt/ac6/systemworkbench/plugins/fr.ac6.mcu.externaltools.arm-none.win32_1.15.0.201708311556/tools/compiler/bin/../lib/gcc/arm-none-eabi/6.3.1/../../../../arm-none-eabi/lib/thumb/v7-m\libc.a(lib_a-impure.o)
                0x2000021c                _impure_ptr
 .data.impure_data
                0x20000220      0x428 d:/opt/ac6/systemworkbench/plugins/fr.ac6.mcu.externaltools.arm-none.win32_1.15.0.201708311556/tools/compiler/bin/../lib/gcc/arm-none-eabi/6.3.1/../../../../arm-none-eabi/lib/thumb/v7-m\libc.a(lib_a-impure.o)
 .data.__atexit_recursive_mutex
                0x20000648        0x4 d:/opt/ac6/systemworkbench/plugins/fr.ac6.mcu.externaltools.arm-none.win32_1.15.0.201708311556/tools/compiler/bin/../lib/gcc/arm-none-eabi/6.3.1/../../../../arm-none-eabi/lib/thumb/v7-m\libc.a(lib_a-__call_atexit.o)
                0x20000648                __atexit_recursive_mutex
 .data.__malloc_av_
                0x2000064c      0x408 d:/opt/ac6/systemworkbench/plugins/fr.ac6.mcu.externaltools.arm-none.win32_1.15.0.201708311556/tools/compiler/bin/../lib/gcc/arm-none-eabi/6.3.1/../../../../arm-none-eabi/lib/thumb/v7-m\libc.a(lib_a-mallocr.o)
                0x2000064c                __malloc_av_
 .data.__malloc_sbrk_base
                0x20000a54        0x4 d:/opt/ac6/systemworkbench/plugins/fr.ac6.mcu.externaltools.arm-none.win32_1.15.0.201708311556/tools/compiler/bin/../lib/gcc/arm-none-eabi/6.3.1/../../../../arm-none-eabi/lib/thumb/v7-m\libc.a(lib_a-mallocr.o)
                0x20000a54                __malloc_sbrk_base
 .data.__malloc_trim_threshold
                0x20000a58        0x4 d:/opt/ac6/systemworkbench/plugins/fr.ac6.mcu.externaltools.arm-none.win32_1.15.0.201708311556/tools/compiler/bin/../lib/gcc/arm-none-eabi/6.3.1/../../../../arm-none-eabi/lib/thumb/v7-m\libc.a(lib_a-mallocr.o)
                0x20000a58                __malloc_trim_threshold
 .data.__global_locale
                0x20000a5c      0x16c d:/opt/ac6/systemworkbench/plugins/fr.ac6.mcu.externaltools.arm-none.win32_1.15.0.201708311556/tools/compiler/bin/../lib/gcc/arm-none-eabi/6.3.1/../../../../arm-none-eabi/lib/thumb/v7-m\libc.a(lib_a-locale.o)
                0x20000a5c                __global_locale
                0x20000bc8                . = ALIGN (0x4)
                0x20000bc8                _edata = .

.jcr            0x20000bc8        0x0 load address 0x0800942c
 .jcr           0x20000bc8        0x0 d:/opt/ac6/systemworkbench/plugins/fr.ac6.mcu.externaltools.arm-none.win32_1.15.0.201708311556/tools/compiler/bin/../lib/gcc/arm-none-eabi/6.3.1/thumb/v7-m/crtbegin.o

.igot.plt       0x20000bc8        0x0 load address 0x0800942c
 .igot.plt      0x20000bc8        0x0 d:/opt/ac6/systemworkbench/plugins/fr.ac6.mcu.externaltools.arm-none.win32_1.15.0.201708311556/tools/compiler/bin/../lib/gcc/arm-none-eabi/6.3.1/thumb/v7-m/crtbegin.o
                0x20000bc8                . = ALIGN (0x4)

.bss            0x20000bc8      0x634 load address 0x0800942c
                0x20000bc8                _sbss = .
                0x20000bc8                __bss_start__ = _sbss
 *(.bss)
 .bss           0x20000bc8       0x1c d:/opt/ac6/systemworkbench/plugins/fr.ac6.mcu.externaltools.arm-none.win32_1.15.0.201708311556/tools/compiler/bin/../lib/gcc/arm-none-eabi/6.3.1/thumb/v7-m/crtbegin.o
 .bss           0x20000be4        0x4 src/delay.o
 .bss           0x20000be8       0x16 src/main.o
                0x20000be8                timer_counter
                0x20000bec                s_hour
                0x20000bee                s_min
                0x20000bf0                s_sec
                0x20000bf2                last_sec
                0x20000bf4                standby_count_flag
                0x20000bf8                standby_count
                0x20000bfc                rx_count
 *fill*         0x20000bfe        0x2 
 .bss           0x20000c00        0x8 src/syscalls.o
                0x20000c00                __env
 .bss           0x20000c08        0x5 src/uart.o
                0x20000c08                uart_int_count
                0x20000c0c                uart_full_flag
 *(.bss*)
 *fill*         0x20000c0d        0x3 
 .bss.__malloc_current_mallinfo
                0x20000c10       0x28 d:/opt/ac6/systemworkbench/plugins/fr.ac6.mcu.externaltools.arm-none.win32_1.15.0.201708311556/tools/compiler/bin/../lib/gcc/arm-none-eabi/6.3.1/../../../../arm-none-eabi/lib/thumb/v7-m\libc.a(lib_a-mallocr.o)
                0x20000c10                __malloc_current_mallinfo
 .bss.__malloc_max_sbrked_mem
                0x20000c38        0x4 d:/opt/ac6/systemworkbench/plugins/fr.ac6.mcu.externaltools.arm-none.win32_1.15.0.201708311556/tools/compiler/bin/../lib/gcc/arm-none-eabi/6.3.1/../../../../arm-none-eabi/lib/thumb/v7-m\libc.a(lib_a-mallocr.o)
                0x20000c38                __malloc_max_sbrked_mem
 .bss.__malloc_max_total_mem
                0x20000c3c        0x4 d:/opt/ac6/systemworkbench/plugins/fr.ac6.mcu.externaltools.arm-none.win32_1.15.0.201708311556/tools/compiler/bin/../lib/gcc/arm-none-eabi/6.3.1/../../../../arm-none-eabi/lib/thumb/v7-m\libc.a(lib_a-mallocr.o)
                0x20000c3c                __malloc_max_total_mem
 .bss.__malloc_top_pad
                0x20000c40        0x4 d:/opt/ac6/systemworkbench/plugins/fr.ac6.mcu.externaltools.arm-none.win32_1.15.0.201708311556/tools/compiler/bin/../lib/gcc/arm-none-eabi/6.3.1/../../../../arm-none-eabi/lib/thumb/v7-m\libc.a(lib_a-mallocr.o)
                0x20000c40                __malloc_top_pad
 *(COMMON)
 COMMON         0x20000c44      0x490 src/main.o
                0x20000c44                oled
                0x20000cbc                bluetooth_p
                0x20000cc0                stepper
                0x20000d0c                bluetooth
                0x20000e5c                d_min
                0x20000e60                irpin
                0x20000e8c                d_sec
                0x20000e90                ds1302
                0x20000f30                rx_buffer
                0x20000f44                stepper_p
                0x20000f48                irpin_p
                0x20000f4c                uartdebug
                0x2000109c                oled_p
                0x200010a0                d_hour
                0x200010a4                time_str
                0x200010cc                ds1302_p
                0x200010d0                uartdebug_p
 COMMON         0x200010d4      0x100 src/uart.o
                0x200010d4                uart_buffer
 COMMON         0x200011d4       0x21 d:/opt/ac6/systemworkbench/plugins/fr.ac6.mcu.externaltools.arm-none.win32_1.15.0.201708311556/tools/compiler/bin/../lib/gcc/arm-none-eabi/6.3.1/../../../../arm-none-eabi/lib/thumb/v7-m\libc.a(lib_a-lock.o)
                0x200011d4                __lock___atexit_recursive_mutex
                0x200011d8                __lock___arc4random_mutex
                0x200011dc                __lock___env_recursive_mutex
                0x200011e0                __lock___sinit_recursive_mutex
                0x200011e4                __lock___malloc_recursive_mutex
                0x200011e8                __lock___at_quick_exit_mutex
                0x200011ec                __lock___dd_hash_mutex
                0x200011f0                __lock___tz_mutex
                0x200011f4                __lock___sfp_recursive_mutex
 *fill*         0x200011f5        0x3 
 COMMON         0x200011f8        0x4 d:/opt/ac6/systemworkbench/plugins/fr.ac6.mcu.externaltools.arm-none.win32_1.15.0.201708311556/tools/compiler/bin/../lib/gcc/arm-none-eabi/6.3.1/../../../../arm-none-eabi/lib/thumb/v7-m\libc.a(lib_a-reent.o)
                0x200011f8                errno
                0x200011fc                . = ALIGN (0x4)
                0x200011fc                _ebss = .
                0x200011fc                __bss_end__ = _ebss

._user_heap_stack
                0x200011fc      0x404 load address 0x0800942c
                0x20001200                . = ALIGN (0x8)
 *fill*         0x200011fc        0x4 
                0x20001200                PROVIDE (end, .)
                [!provide]                PROVIDE (_end, .)
                0x20001200                . = (. + _Min_Heap_Size)
                0x20001600                . = (. + _Min_Stack_Size)
 *fill*         0x20001200      0x400 
                0x20001600                . = ALIGN (0x8)

/DISCARD/
 libc.a(*)
 libm.a(*)
 libgcc.a(*)

.ARM.attributes
                0x00000000       0x29
 *(.ARM.attributes)
 .ARM.attributes
                0x00000000       0x1d d:/opt/ac6/systemworkbench/plugins/fr.ac6.mcu.externaltools.arm-none.win32_1.15.0.201708311556/tools/compiler/bin/../lib/gcc/arm-none-eabi/6.3.1/thumb/v7-m/crti.o
 .ARM.attributes
                0x0000001d       0x2d d:/opt/ac6/systemworkbench/plugins/fr.ac6.mcu.externaltools.arm-none.win32_1.15.0.201708311556/tools/compiler/bin/../lib/gcc/arm-none-eabi/6.3.1/thumb/v7-m/crtbegin.o
 .ARM.attributes
                0x0000004a       0x33 StdPeriph_Driver/src/misc.o
 .ARM.attributes
                0x0000007d       0x33 StdPeriph_Driver/src/stm32f10x_flash.o
 .ARM.attributes
                0x000000b0       0x33 StdPeriph_Driver/src/stm32f10x_gpio.o
 .ARM.attributes
                0x000000e3       0x33 StdPeriph_Driver/src/stm32f10x_rcc.o
 .ARM.attributes
                0x00000116       0x33 StdPeriph_Driver/src/stm32f10x_tim.o
 .ARM.attributes
                0x00000149       0x33 StdPeriph_Driver/src/stm32f10x_usart.o
 .ARM.attributes
                0x0000017c       0x33 src/delay.o
 .ARM.attributes
                0x000001af       0x33 src/ds1302.o
 .ARM.attributes
                0x000001e2       0x33 src/irpin.o
 .ARM.attributes
                0x00000215       0x33 src/main.o
 .ARM.attributes
                0x00000248       0x33 src/oled.o
 .ARM.attributes
                0x0000027b       0x33 src/stepper.o
 .ARM.attributes
                0x000002ae       0x33 src/syscalls.o
 .ARM.attributes
                0x000002e1       0x33 src/system_stm32f10x.o
 .ARM.attributes
                0x00000314       0x33 src/timer.o
 .ARM.attributes
                0x00000347       0x33 src/uart.o
 .ARM.attributes
                0x0000037a       0x21 startup/startup_stm32.o
 .ARM.attributes
                0x0000039b       0x2d d:/opt/ac6/systemworkbench/plugins/fr.ac6.mcu.externaltools.arm-none.win32_1.15.0.201708311556/tools/compiler/bin/../lib/gcc/arm-none-eabi/6.3.1/../../../../arm-none-eabi/lib/thumb/v7-m\libc.a(lib_a-errno.o)
 .ARM.attributes
                0x000003c8       0x2d d:/opt/ac6/systemworkbench/plugins/fr.ac6.mcu.externaltools.arm-none.win32_1.15.0.201708311556/tools/compiler/bin/../lib/gcc/arm-none-eabi/6.3.1/../../../../arm-none-eabi/lib/thumb/v7-m\libc.a(lib_a-impure.o)
 .ARM.attributes
                0x000003f5       0x2d d:/opt/ac6/systemworkbench/plugins/fr.ac6.mcu.externaltools.arm-none.win32_1.15.0.201708311556/tools/compiler/bin/../lib/gcc/arm-none-eabi/6.3.1/../../../../arm-none-eabi/lib/thumb/v7-m\libc.a(lib_a-init.o)
 .ARM.attributes
                0x00000422       0x2d d:/opt/ac6/systemworkbench/plugins/fr.ac6.mcu.externaltools.arm-none.win32_1.15.0.201708311556/tools/compiler/bin/../lib/gcc/arm-none-eabi/6.3.1/../../../../arm-none-eabi/lib/thumb/v7-m\libc.a(lib_a-itoa.o)
 .ARM.attributes
                0x0000044f       0x1b d:/opt/ac6/systemworkbench/plugins/fr.ac6.mcu.externaltools.arm-none.win32_1.15.0.201708311556/tools/compiler/bin/../lib/gcc/arm-none-eabi/6.3.1/../../../../arm-none-eabi/lib/thumb/v7-m\libc.a(lib_a-memcpy.o)
 .ARM.attributes
                0x0000046a       0x2d d:/opt/ac6/systemworkbench/plugins/fr.ac6.mcu.externaltools.arm-none.win32_1.15.0.201708311556/tools/compiler/bin/../lib/gcc/arm-none-eabi/6.3.1/../../../../arm-none-eabi/lib/thumb/v7-m\libc.a(lib_a-memset.o)
 .ARM.attributes
                0x00000497       0x2d d:/opt/ac6/systemworkbench/plugins/fr.ac6.mcu.externaltools.arm-none.win32_1.15.0.201708311556/tools/compiler/bin/../lib/gcc/arm-none-eabi/6.3.1/../../../../arm-none-eabi/lib/thumb/v7-m\libc.a(lib_a-sprintf.o)
 .ARM.attributes
                0x000004c4       0x2d d:/opt/ac6/systemworkbench/plugins/fr.ac6.mcu.externaltools.arm-none.win32_1.15.0.201708311556/tools/compiler/bin/../lib/gcc/arm-none-eabi/6.3.1/../../../../arm-none-eabi/lib/thumb/v7-m\libc.a(lib_a-svfprintf.o)
 .ARM.attributes
                0x000004f1       0x2d d:/opt/ac6/systemworkbench/plugins/fr.ac6.mcu.externaltools.arm-none.win32_1.15.0.201708311556/tools/compiler/bin/../lib/gcc/arm-none-eabi/6.3.1/../../../../arm-none-eabi/lib/thumb/v7-m\libc.a(lib_a-utoa.o)
 .ARM.attributes
                0x0000051e       0x2d d:/opt/ac6/systemworkbench/plugins/fr.ac6.mcu.externaltools.arm-none.win32_1.15.0.201708311556/tools/compiler/bin/../lib/gcc/arm-none-eabi/6.3.1/../../../../arm-none-eabi/lib/thumb/v7-m\libc.a(lib_a-__call_atexit.o)
 .ARM.attributes
                0x0000054b       0x2d d:/opt/ac6/systemworkbench/plugins/fr.ac6.mcu.externaltools.arm-none.win32_1.15.0.201708311556/tools/compiler/bin/../lib/gcc/arm-none-eabi/6.3.1/../../../../arm-none-eabi/lib/thumb/v7-m\libc.a(lib_a-atexit.o)
 .ARM.attributes
                0x00000578       0x2d d:/opt/ac6/systemworkbench/plugins/fr.ac6.mcu.externaltools.arm-none.win32_1.15.0.201708311556/tools/compiler/bin/../lib/gcc/arm-none-eabi/6.3.1/../../../../arm-none-eabi/lib/thumb/v7-m\libc.a(lib_a-dtoa.o)
 .ARM.attributes
                0x000005a5       0x2d d:/opt/ac6/systemworkbench/plugins/fr.ac6.mcu.externaltools.arm-none.win32_1.15.0.201708311556/tools/compiler/bin/../lib/gcc/arm-none-eabi/6.3.1/../../../../arm-none-eabi/lib/thumb/v7-m\libc.a(lib_a-fini.o)
 .ARM.attributes
                0x000005d2       0x2d d:/opt/ac6/systemworkbench/plugins/fr.ac6.mcu.externaltools.arm-none.win32_1.15.0.201708311556/tools/compiler/bin/../lib/gcc/arm-none-eabi/6.3.1/../../../../arm-none-eabi/lib/thumb/v7-m\libc.a(lib_a-localeconv.o)
 .ARM.attributes
                0x000005ff       0x2d d:/opt/ac6/systemworkbench/plugins/fr.ac6.mcu.externaltools.arm-none.win32_1.15.0.201708311556/tools/compiler/bin/../lib/gcc/arm-none-eabi/6.3.1/../../../../arm-none-eabi/lib/thumb/v7-m\libc.a(lib_a-lock.o)
 .ARM.attributes
                0x0000062c       0x2d d:/opt/ac6/systemworkbench/plugins/fr.ac6.mcu.externaltools.arm-none.win32_1.15.0.201708311556/tools/compiler/bin/../lib/gcc/arm-none-eabi/6.3.1/../../../../arm-none-eabi/lib/thumb/v7-m\libc.a(lib_a-mallocr.o)
 .ARM.attributes
                0x00000659       0x2d d:/opt/ac6/systemworkbench/plugins/fr.ac6.mcu.externaltools.arm-none.win32_1.15.0.201708311556/tools/compiler/bin/../lib/gcc/arm-none-eabi/6.3.1/../../../../arm-none-eabi/lib/thumb/v7-m\libc.a(lib_a-memchr-stub.o)
 .ARM.attributes
                0x00000686       0x2d d:/opt/ac6/systemworkbench/plugins/fr.ac6.mcu.externaltools.arm-none.win32_1.15.0.201708311556/tools/compiler/bin/../lib/gcc/arm-none-eabi/6.3.1/../../../../arm-none-eabi/lib/thumb/v7-m\libc.a(lib_a-mlock.o)
 .ARM.attributes
                0x000006b3       0x2d d:/opt/ac6/systemworkbench/plugins/fr.ac6.mcu.externaltools.arm-none.win32_1.15.0.201708311556/tools/compiler/bin/../lib/gcc/arm-none-eabi/6.3.1/../../../../arm-none-eabi/lib/thumb/v7-m\libc.a(lib_a-mprec.o)
 .ARM.attributes
                0x000006e0       0x2d d:/opt/ac6/systemworkbench/plugins/fr.ac6.mcu.externaltools.arm-none.win32_1.15.0.201708311556/tools/compiler/bin/../lib/gcc/arm-none-eabi/6.3.1/../../../../arm-none-eabi/lib/thumb/v7-m\libc.a(lib_a-sbrkr.o)
 .ARM.attributes
                0x0000070d       0x2d d:/opt/ac6/systemworkbench/plugins/fr.ac6.mcu.externaltools.arm-none.win32_1.15.0.201708311556/tools/compiler/bin/../lib/gcc/arm-none-eabi/6.3.1/../../../../arm-none-eabi/lib/thumb/v7-m\libc.a(lib_a-strlen-stub.o)
 .ARM.attributes
                0x0000073a       0x2d d:/opt/ac6/systemworkbench/plugins/fr.ac6.mcu.externaltools.arm-none.win32_1.15.0.201708311556/tools/compiler/bin/../lib/gcc/arm-none-eabi/6.3.1/../../../../arm-none-eabi/lib/thumb/v7-m\libc.a(lib_a-svfiprintf.o)
 .ARM.attributes
                0x00000767       0x2d d:/opt/ac6/systemworkbench/plugins/fr.ac6.mcu.externaltools.arm-none.win32_1.15.0.201708311556/tools/compiler/bin/../lib/gcc/arm-none-eabi/6.3.1/../../../../arm-none-eabi/lib/thumb/v7-m\libc.a(lib_a-__atexit.o)
 .ARM.attributes
                0x00000794       0x2d d:/opt/ac6/systemworkbench/plugins/fr.ac6.mcu.externaltools.arm-none.win32_1.15.0.201708311556/tools/compiler/bin/../lib/gcc/arm-none-eabi/6.3.1/../../../../arm-none-eabi/lib/thumb/v7-m\libc.a(lib_a-callocr.o)
 .ARM.attributes
                0x000007c1       0x2d d:/opt/ac6/systemworkbench/plugins/fr.ac6.mcu.externaltools.arm-none.win32_1.15.0.201708311556/tools/compiler/bin/../lib/gcc/arm-none-eabi/6.3.1/../../../../arm-none-eabi/lib/thumb/v7-m\libc.a(lib_a-freer.o)
 .ARM.attributes
                0x000007ee       0x2d d:/opt/ac6/systemworkbench/plugins/fr.ac6.mcu.externaltools.arm-none.win32_1.15.0.201708311556/tools/compiler/bin/../lib/gcc/arm-none-eabi/6.3.1/../../../../arm-none-eabi/lib/thumb/v7-m\libc.a(lib_a-locale.o)
 .ARM.attributes
                0x0000081b       0x2d d:/opt/ac6/systemworkbench/plugins/fr.ac6.mcu.externaltools.arm-none.win32_1.15.0.201708311556/tools/compiler/bin/../lib/gcc/arm-none-eabi/6.3.1/../../../../arm-none-eabi/lib/thumb/v7-m\libc.a(lib_a-mbtowc_r.o)
 .ARM.attributes
                0x00000848       0x2d d:/opt/ac6/systemworkbench/plugins/fr.ac6.mcu.externaltools.arm-none.win32_1.15.0.201708311556/tools/compiler/bin/../lib/gcc/arm-none-eabi/6.3.1/../../../../arm-none-eabi/lib/thumb/v7-m\libc.a(lib_a-memmove.o)
 .ARM.attributes
                0x00000875       0x2d d:/opt/ac6/systemworkbench/plugins/fr.ac6.mcu.externaltools.arm-none.win32_1.15.0.201708311556/tools/compiler/bin/../lib/gcc/arm-none-eabi/6.3.1/../../../../arm-none-eabi/lib/thumb/v7-m\libc.a(lib_a-reallocr.o)
 .ARM.attributes
                0x000008a2       0x2d d:/opt/ac6/systemworkbench/plugins/fr.ac6.mcu.externaltools.arm-none.win32_1.15.0.201708311556/tools/compiler/bin/../lib/gcc/arm-none-eabi/6.3.1/../../../../arm-none-eabi/lib/thumb/v7-m\libc.a(lib_a-reent.o)
 .ARM.attributes
                0x000008cf       0x2d d:/opt/ac6/systemworkbench/plugins/fr.ac6.mcu.externaltools.arm-none.win32_1.15.0.201708311556/tools/compiler/bin/../lib/gcc/arm-none-eabi/6.3.1/../../../../arm-none-eabi/lib/thumb/v7-m\libc.a(lib_a-wctomb_r.o)
 .ARM.attributes
                0x000008fc       0x2d d:/opt/ac6/systemworkbench/plugins/fr.ac6.mcu.externaltools.arm-none.win32_1.15.0.201708311556/tools/compiler/bin/../lib/gcc/arm-none-eabi/6.3.1/../../../../arm-none-eabi/lib/thumb/v7-m\libc.a(lib_a-ctype_.o)
 .ARM.attributes
                0x00000929       0x1d d:/opt/ac6/systemworkbench/plugins/fr.ac6.mcu.externaltools.arm-none.win32_1.15.0.201708311556/tools/compiler/bin/../lib/gcc/arm-none-eabi/6.3.1/thumb/v7-m\libgcc.a(_arm_addsubdf3.o)
 .ARM.attributes
                0x00000946       0x1d d:/opt/ac6/systemworkbench/plugins/fr.ac6.mcu.externaltools.arm-none.win32_1.15.0.201708311556/tools/compiler/bin/../lib/gcc/arm-none-eabi/6.3.1/thumb/v7-m\libgcc.a(_arm_muldivdf3.o)
 .ARM.attributes
                0x00000963       0x1d d:/opt/ac6/systemworkbench/plugins/fr.ac6.mcu.externaltools.arm-none.win32_1.15.0.201708311556/tools/compiler/bin/../lib/gcc/arm-none-eabi/6.3.1/thumb/v7-m\libgcc.a(_arm_cmpdf2.o)
 .ARM.attributes
                0x00000980       0x1d d:/opt/ac6/systemworkbench/plugins/fr.ac6.mcu.externaltools.arm-none.win32_1.15.0.201708311556/tools/compiler/bin/../lib/gcc/arm-none-eabi/6.3.1/thumb/v7-m\libgcc.a(_arm_unorddf2.o)
 .ARM.attributes
                0x0000099d       0x1d d:/opt/ac6/systemworkbench/plugins/fr.ac6.mcu.externaltools.arm-none.win32_1.15.0.201708311556/tools/compiler/bin/../lib/gcc/arm-none-eabi/6.3.1/thumb/v7-m\libgcc.a(_arm_fixdfsi.o)
 .ARM.attributes
                0x000009ba       0x1d d:/opt/ac6/systemworkbench/plugins/fr.ac6.mcu.externaltools.arm-none.win32_1.15.0.201708311556/tools/compiler/bin/../lib/gcc/arm-none-eabi/6.3.1/thumb/v7-m\libgcc.a(_aeabi_uldivmod.o)
 .ARM.attributes
                0x000009d7       0x2d d:/opt/ac6/systemworkbench/plugins/fr.ac6.mcu.externaltools.arm-none.win32_1.15.0.201708311556/tools/compiler/bin/../lib/gcc/arm-none-eabi/6.3.1/thumb/v7-m\libgcc.a(_udivmoddi4.o)
 .ARM.attributes
                0x00000a04       0x1d d:/opt/ac6/systemworkbench/plugins/fr.ac6.mcu.externaltools.arm-none.win32_1.15.0.201708311556/tools/compiler/bin/../lib/gcc/arm-none-eabi/6.3.1/thumb/v7-m\libgcc.a(_dvmd_tls.o)
 .ARM.attributes
                0x00000a21       0x1d d:/opt/ac6/systemworkbench/plugins/fr.ac6.mcu.externaltools.arm-none.win32_1.15.0.201708311556/tools/compiler/bin/../lib/gcc/arm-none-eabi/6.3.1/thumb/v7-m/crtn.o
OUTPUT(Q19_CAR_STANDBY_F103ZET6_AC6.elf elf32-littlearm)

.debug_info     0x00000000     0xccae
 .debug_info    0x00000000      0x4ed StdPeriph_Driver/src/misc.o
 .debug_info    0x000004ed      0x7b6 StdPeriph_Driver/src/stm32f10x_flash.o
 .debug_info    0x00000ca3      0x6ef StdPeriph_Driver/src/stm32f10x_gpio.o
 .debug_info    0x00001392      0x8a0 StdPeriph_Driver/src/stm32f10x_rcc.o
 .debug_info    0x00001c32     0x1c59 StdPeriph_Driver/src/stm32f10x_tim.o
 .debug_info    0x0000388b      0x9e9 StdPeriph_Driver/src/stm32f10x_usart.o
 .debug_info    0x00004274      0x1e3 src/delay.o
 .debug_info    0x00004457      0xf11 src/ds1302.o
 .debug_info    0x00005368      0xc29 src/irpin.o
 .debug_info    0x00005f91     0x1913 src/main.o
 .debug_info    0x000078a4     0x11a7 src/oled.o
 .debug_info    0x00008a4b      0xd19 src/stepper.o
 .debug_info    0x00009764      0xf2a src/syscalls.o
 .debug_info    0x0000a68e      0x456 src/system_stm32f10x.o
 .debug_info    0x0000aae4      0xf14 src/timer.o
 .debug_info    0x0000b9f8     0x1243 src/uart.o
 .debug_info    0x0000cc3b       0x73 startup/startup_stm32.o

.debug_abbrev   0x00000000     0x20bb
 .debug_abbrev  0x00000000      0x184 StdPeriph_Driver/src/misc.o
 .debug_abbrev  0x00000184      0x1a3 StdPeriph_Driver/src/stm32f10x_flash.o
 .debug_abbrev  0x00000327      0x1e0 StdPeriph_Driver/src/stm32f10x_gpio.o
 .debug_abbrev  0x00000507      0x1d2 StdPeriph_Driver/src/stm32f10x_rcc.o
 .debug_abbrev  0x000006d9      0x1c6 StdPeriph_Driver/src/stm32f10x_tim.o
 .debug_abbrev  0x0000089f      0x192 StdPeriph_Driver/src/stm32f10x_usart.o
 .debug_abbrev  0x00000a31       0xff src/delay.o
 .debug_abbrev  0x00000b30      0x25b src/ds1302.o
 .debug_abbrev  0x00000d8b      0x255 src/irpin.o
 .debug_abbrev  0x00000fe0      0x27c src/main.o
 .debug_abbrev  0x0000125c      0x291 src/oled.o
 .debug_abbrev  0x000014ed      0x259 src/stepper.o
 .debug_abbrev  0x00001746      0x2aa src/syscalls.o
 .debug_abbrev  0x000019f0      0x19c src/system_stm32f10x.o
 .debug_abbrev  0x00001b8c      0x289 src/timer.o
 .debug_abbrev  0x00001e15      0x294 src/uart.o
 .debug_abbrev  0x000020a9       0x12 startup/startup_stm32.o

.debug_aranges  0x00000000      0xab8
 .debug_aranges
                0x00000000       0x40 StdPeriph_Driver/src/misc.o
 .debug_aranges
                0x00000040       0xf8 StdPeriph_Driver/src/stm32f10x_flash.o
 .debug_aranges
                0x00000138       0xa8 StdPeriph_Driver/src/stm32f10x_gpio.o
 .debug_aranges
                0x000001e0      0x118 StdPeriph_Driver/src/stm32f10x_rcc.o
 .debug_aranges
                0x000002f8      0x2f0 StdPeriph_Driver/src/stm32f10x_tim.o
 .debug_aranges
                0x000005e8      0x100 StdPeriph_Driver/src/stm32f10x_usart.o
 .debug_aranges
                0x000006e8       0x30 src/delay.o
 .debug_aranges
                0x00000718       0x68 src/ds1302.o
 .debug_aranges
                0x00000780       0x40 src/irpin.o
 .debug_aranges
                0x000007c0       0x38 src/main.o
 .debug_aranges
                0x000007f8       0x88 src/oled.o
 .debug_aranges
                0x00000880       0x58 src/stepper.o
 .debug_aranges
                0x000008d8       0xb0 src/syscalls.o
 .debug_aranges
                0x00000988       0x38 src/system_stm32f10x.o
 .debug_aranges
                0x000009c0       0x60 src/timer.o
 .debug_aranges
                0x00000a20       0x70 src/uart.o
 .debug_aranges
                0x00000a90       0x28 startup/startup_stm32.o

.debug_ranges   0x00000000      0x9b0
 .debug_ranges  0x00000000       0x30 StdPeriph_Driver/src/misc.o
 .debug_ranges  0x00000030       0xe8 StdPeriph_Driver/src/stm32f10x_flash.o
 .debug_ranges  0x00000118       0x98 StdPeriph_Driver/src/stm32f10x_gpio.o
 .debug_ranges  0x000001b0      0x108 StdPeriph_Driver/src/stm32f10x_rcc.o
 .debug_ranges  0x000002b8      0x2e0 StdPeriph_Driver/src/stm32f10x_tim.o
 .debug_ranges  0x00000598       0xf0 StdPeriph_Driver/src/stm32f10x_usart.o
 .debug_ranges  0x00000688       0x20 src/delay.o
 .debug_ranges  0x000006a8       0x58 src/ds1302.o
 .debug_ranges  0x00000700       0x30 src/irpin.o
 .debug_ranges  0x00000730       0x28 src/main.o
 .debug_ranges  0x00000758       0x78 src/oled.o
 .debug_ranges  0x000007d0       0x48 src/stepper.o
 .debug_ranges  0x00000818       0xa0 src/syscalls.o
 .debug_ranges  0x000008b8       0x28 src/system_stm32f10x.o
 .debug_ranges  0x000008e0       0x50 src/timer.o
 .debug_ranges  0x00000930       0x60 src/uart.o
 .debug_ranges  0x00000990       0x20 startup/startup_stm32.o

.debug_macro    0x00000000    0x109ef
 .debug_macro   0x00000000      0x18b StdPeriph_Driver/src/misc.o
 .debug_macro   0x0000018b       0x56 StdPeriph_Driver/src/misc.o
 .debug_macro   0x000001e1       0x22 StdPeriph_Driver/src/misc.o
 .debug_macro   0x00000203      0x69f StdPeriph_Driver/src/misc.o
 .debug_macro   0x000008a2     0x7e6d StdPeriph_Driver/src/misc.o
 .debug_macro   0x0000870f      0x2df StdPeriph_Driver/src/misc.o
 .debug_macro   0x000089ee      0x144 StdPeriph_Driver/src/misc.o
 .debug_macro   0x00008b32      0x3cf StdPeriph_Driver/src/misc.o
 .debug_macro   0x00008f01       0xc8 StdPeriph_Driver/src/misc.o
 .debug_macro   0x00008fc9      0x17a StdPeriph_Driver/src/misc.o
 .debug_macro   0x00009143       0xac StdPeriph_Driver/src/misc.o
 .debug_macro   0x000091ef      0x3ad StdPeriph_Driver/src/misc.o
 .debug_macro   0x0000959c       0x9a StdPeriph_Driver/src/misc.o
 .debug_macro   0x00009636      0x2cf StdPeriph_Driver/src/misc.o
 .debug_macro   0x00009905      0x279 StdPeriph_Driver/src/misc.o
 .debug_macro   0x00009b7e      0x2ac StdPeriph_Driver/src/misc.o
 .debug_macro   0x00009e2a      0x2b1 StdPeriph_Driver/src/misc.o
 .debug_macro   0x0000a0db       0x64 StdPeriph_Driver/src/misc.o
 .debug_macro   0x0000a13f       0x82 StdPeriph_Driver/src/misc.o
 .debug_macro   0x0000a1c1      0x3e2 StdPeriph_Driver/src/misc.o
 .debug_macro   0x0000a5a3       0x58 StdPeriph_Driver/src/misc.o
 .debug_macro   0x0000a5fb      0x341 StdPeriph_Driver/src/misc.o
 .debug_macro   0x0000a93c      0x2c4 StdPeriph_Driver/src/misc.o
 .debug_macro   0x0000ac00      0x711 StdPeriph_Driver/src/misc.o
 .debug_macro   0x0000b311      0x220 StdPeriph_Driver/src/misc.o
 .debug_macro   0x0000b531       0x34 StdPeriph_Driver/src/misc.o
 .debug_macro   0x0000b565       0x35 StdPeriph_Driver/src/misc.o
 .debug_macro   0x0000b59a       0x85 StdPeriph_Driver/src/misc.o
 .debug_macro   0x0000b61f      0x22d StdPeriph_Driver/src/stm32f10x_flash.o
 .debug_macro   0x0000b84c      0x2c9 StdPeriph_Driver/src/stm32f10x_flash.o
 .debug_macro   0x0000bb15      0x1d7 StdPeriph_Driver/src/stm32f10x_gpio.o
 .debug_macro   0x0000bcec      0x2a6 StdPeriph_Driver/src/stm32f10x_gpio.o
 .debug_macro   0x0000bf92      0x2a1 StdPeriph_Driver/src/stm32f10x_rcc.o
 .debug_macro   0x0000c233      0x3dc StdPeriph_Driver/src/stm32f10x_rcc.o
 .debug_macro   0x0000c60f      0x1a1 StdPeriph_Driver/src/stm32f10x_tim.o
 .debug_macro   0x0000c7b0      0x70b StdPeriph_Driver/src/stm32f10x_tim.o
 .debug_macro   0x0000cebb      0x23d StdPeriph_Driver/src/stm32f10x_usart.o
 .debug_macro   0x0000d0f8      0x21a StdPeriph_Driver/src/stm32f10x_usart.o
 .debug_macro   0x0000d312      0x194 src/delay.o
 .debug_macro   0x0000d4a6       0xc4 src/delay.o
 .debug_macro   0x0000d56a      0x39c src/ds1302.o
 .debug_macro   0x0000d906       0x46 src/ds1302.o
 .debug_macro   0x0000d94c       0x82 src/ds1302.o
 .debug_macro   0x0000d9ce       0x58 src/ds1302.o
 .debug_macro   0x0000da26       0x35 src/ds1302.o
 .debug_macro   0x0000da5b       0x9c src/ds1302.o
 .debug_macro   0x0000daf7       0x16 src/ds1302.o
 .debug_macro   0x0000db0d       0x97 src/ds1302.o
 .debug_macro   0x0000dba4      0x330 src/ds1302.o
 .debug_macro   0x0000ded4       0xfd src/ds1302.o
 .debug_macro   0x0000dfd1       0x10 src/ds1302.o
 .debug_macro   0x0000dfe1       0x58 src/ds1302.o
 .debug_macro   0x0000e039       0x1f src/ds1302.o
 .debug_macro   0x0000e058       0x43 src/ds1302.o
 .debug_macro   0x0000e09b       0x20 src/ds1302.o
 .debug_macro   0x0000e0bb      0x187 src/ds1302.o
 .debug_macro   0x0000e242       0x10 src/ds1302.o
 .debug_macro   0x0000e252       0x1c src/ds1302.o
 .debug_macro   0x0000e26e       0x52 src/ds1302.o
 .debug_macro   0x0000e2c0       0x40 src/ds1302.o
 .debug_macro   0x0000e300       0x10 src/ds1302.o
 .debug_macro   0x0000e310       0x40 src/ds1302.o
 .debug_macro   0x0000e350       0xd7 src/ds1302.o
 .debug_macro   0x0000e427       0x16 src/ds1302.o
 .debug_macro   0x0000e43d      0x18b src/ds1302.o
 .debug_macro   0x0000e5c8       0x16 src/ds1302.o
 .debug_macro   0x0000e5de       0x35 src/ds1302.o
 .debug_macro   0x0000e613       0x16 src/ds1302.o
 .debug_macro   0x0000e629       0x29 src/ds1302.o
 .debug_macro   0x0000e652       0x16 src/ds1302.o
 .debug_macro   0x0000e668       0xca src/ds1302.o
 .debug_macro   0x0000e732       0x70 src/ds1302.o
 .debug_macro   0x0000e7a2       0x16 src/ds1302.o
 .debug_macro   0x0000e7b8       0x10 src/ds1302.o
 .debug_macro   0x0000e7c8      0x39c src/irpin.o
 .debug_macro   0x0000eb64      0x3a6 src/main.o
 .debug_macro   0x0000ef0a      0x3a6 src/oled.o
 .debug_macro   0x0000f2b0      0x39c src/stepper.o
 .debug_macro   0x0000f64c      0x236 src/syscalls.o
 .debug_macro   0x0000f882       0x52 src/syscalls.o
 .debug_macro   0x0000f8d4       0x8d src/syscalls.o
 .debug_macro   0x0000f961       0x57 src/syscalls.o
 .debug_macro   0x0000f9b8      0x174 src/syscalls.o
 .debug_macro   0x0000fb2c       0x10 src/syscalls.o
 .debug_macro   0x0000fb3c       0x10 src/syscalls.o
 .debug_macro   0x0000fb4c       0x10 src/syscalls.o
 .debug_macro   0x0000fb5c       0x35 src/syscalls.o
 .debug_macro   0x0000fb91      0x122 src/syscalls.o
 .debug_macro   0x0000fcb3       0x10 src/syscalls.o
 .debug_macro   0x0000fcc3      0x241 src/syscalls.o
 .debug_macro   0x0000ff04       0x1c src/syscalls.o
 .debug_macro   0x0000ff20       0x10 src/syscalls.o
 .debug_macro   0x0000ff30      0x159 src/syscalls.o
 .debug_macro   0x00010089       0x16 src/syscalls.o
 .debug_macro   0x0001009f       0x88 src/syscalls.o
 .debug_macro   0x00010127      0x188 src/system_stm32f10x.o
 .debug_macro   0x000102af      0x3a0 src/timer.o
 .debug_macro   0x0001064f      0x3a0 src/uart.o

.debug_line     0x00000000     0x8508
 .debug_line    0x00000000      0x5fa StdPeriph_Driver/src/misc.o
 .debug_line    0x000005fa      0x878 StdPeriph_Driver/src/stm32f10x_flash.o
 .debug_line    0x00000e72      0x77d StdPeriph_Driver/src/stm32f10x_gpio.o
 .debug_line    0x000015ef      0x879 StdPeriph_Driver/src/stm32f10x_rcc.o
 .debug_line    0x00001e68      0xefe StdPeriph_Driver/src/stm32f10x_tim.o
 .debug_line    0x00002d66      0x84b StdPeriph_Driver/src/stm32f10x_usart.o
 .debug_line    0x000035b1      0x623 src/delay.o
 .debug_line    0x00003bd4      0x925 src/ds1302.o
 .debug_line    0x000044f9      0x7e3 src/irpin.o
 .debug_line    0x00004cdc      0x84f src/main.o
 .debug_line    0x0000552b      0x9d4 src/oled.o
 .debug_line    0x00005eff      0x841 src/stepper.o
 .debug_line    0x00006740      0x5e4 src/syscalls.o
 .debug_line    0x00006d24      0x632 src/system_stm32f10x.o
 .debug_line    0x00007356      0x847 src/timer.o
 .debug_line    0x00007b9d      0x8ef src/uart.o
 .debug_line    0x0000848c       0x7c startup/startup_stm32.o

.debug_str      0x00000000    0x5675d
 .debug_str     0x00000000    0x4cf6e StdPeriph_Driver/src/misc.o
                              0x4d0df (size before relaxing)
 .debug_str     0x0004cf6e      0x812 StdPeriph_Driver/src/stm32f10x_flash.o
                              0x4d6c9 (size before relaxing)
 .debug_str     0x0004d780      0x5a4 StdPeriph_Driver/src/stm32f10x_gpio.o
                              0x4d457 (size before relaxing)
 .debug_str     0x0004dd24      0xb59 StdPeriph_Driver/src/stm32f10x_rcc.o
                              0x4da3d (size before relaxing)
 .debug_str     0x0004e87d      0xc15 StdPeriph_Driver/src/stm32f10x_tim.o
                              0x4db5b (size before relaxing)
 .debug_str     0x0004f492      0x7f0 StdPeriph_Driver/src/stm32f10x_usart.o
                              0x4d767 (size before relaxing)
 .debug_str     0x0004fc82      0x4c2 src/delay.o
                              0x4d34f (size before relaxing)
 .debug_str     0x00050144     0x4a0e src/ds1302.o
                              0x51f87 (size before relaxing)
 .debug_str     0x00054b52       0x9f src/irpin.o
                              0x51e3e (size before relaxing)
 .debug_str     0x00054bf1      0x36c src/main.o
                              0x5233f (size before relaxing)
 .debug_str     0x00054f5d       0xf9 src/oled.o
                              0x51fa7 (size before relaxing)
 .debug_str     0x00055056       0x86 src/stepper.o
                              0x51ecd (size before relaxing)
 .debug_str     0x000550dc     0x10a6 src/syscalls.o
                               0x7d2b (size before relaxing)
 .debug_str     0x00056182       0x86 src/system_stm32f10x.o
                              0x4cfeb (size before relaxing)
 .debug_str     0x00056208      0x473 src/timer.o
                              0x522dd (size before relaxing)
 .debug_str     0x0005667b       0xe2 src/uart.o
                              0x524cf (size before relaxing)

.comment        0x00000000       0x7f
 .comment       0x00000000       0x7f StdPeriph_Driver/src/misc.o
                                 0x80 (size before relaxing)
 .comment       0x0000007f       0x80 StdPeriph_Driver/src/stm32f10x_flash.o
 .comment       0x0000007f       0x80 StdPeriph_Driver/src/stm32f10x_gpio.o
 .comment       0x0000007f       0x80 StdPeriph_Driver/src/stm32f10x_rcc.o
 .comment       0x0000007f       0x80 StdPeriph_Driver/src/stm32f10x_tim.o
 .comment       0x0000007f       0x80 StdPeriph_Driver/src/stm32f10x_usart.o
 .comment       0x0000007f       0x80 src/delay.o
 .comment       0x0000007f       0x80 src/ds1302.o
 .comment       0x0000007f       0x80 src/irpin.o
 .comment       0x0000007f       0x80 src/main.o
 .comment       0x0000007f       0x80 src/oled.o
 .comment       0x0000007f       0x80 src/stepper.o
 .comment       0x0000007f       0x80 src/syscalls.o
 .comment       0x0000007f       0x80 src/system_stm32f10x.o
 .comment       0x0000007f       0x80 src/timer.o
 .comment       0x0000007f       0x80 src/uart.o

.debug_frame    0x00000000     0x3918
 .debug_frame   0x00000000       0xd8 StdPeriph_Driver/src/misc.o
 .debug_frame   0x000000d8      0x410 StdPeriph_Driver/src/stm32f10x_flash.o
 .debug_frame   0x000004e8      0x2d0 StdPeriph_Driver/src/stm32f10x_gpio.o
 .debug_frame   0x000007b8      0x4f4 StdPeriph_Driver/src/stm32f10x_rcc.o
 .debug_frame   0x00000cac      0xe2c StdPeriph_Driver/src/stm32f10x_tim.o
 .debug_frame   0x00001ad8      0x490 StdPeriph_Driver/src/stm32f10x_usart.o
 .debug_frame   0x00001f68       0x7c src/delay.o
 .debug_frame   0x00001fe4      0x180 src/ds1302.o
 .debug_frame   0x00002164       0xc8 src/irpin.o
 .debug_frame   0x0000222c       0x9c src/main.o
 .debug_frame   0x000022c8      0x218 src/oled.o
 .debug_frame   0x000024e0      0x138 src/stepper.o
 .debug_frame   0x00002618      0x2d4 src/syscalls.o
 .debug_frame   0x000028ec       0x98 src/system_stm32f10x.o
 .debug_frame   0x00002984      0x11c src/timer.o
 .debug_frame   0x00002aa0      0x194 src/uart.o
 .debug_frame   0x00002c34       0x20 d:/opt/ac6/systemworkbench/plugins/fr.ac6.mcu.externaltools.arm-none.win32_1.15.0.201708311556/tools/compiler/bin/../lib/gcc/arm-none-eabi/6.3.1/../../../../arm-none-eabi/lib/thumb/v7-m\libc.a(lib_a-errno.o)
 .debug_frame   0x00002c54       0x2c d:/opt/ac6/systemworkbench/plugins/fr.ac6.mcu.externaltools.arm-none.win32_1.15.0.201708311556/tools/compiler/bin/../lib/gcc/arm-none-eabi/6.3.1/../../../../arm-none-eabi/lib/thumb/v7-m\libc.a(lib_a-init.o)
 .debug_frame   0x00002c80       0x3c d:/opt/ac6/systemworkbench/plugins/fr.ac6.mcu.externaltools.arm-none.win32_1.15.0.201708311556/tools/compiler/bin/../lib/gcc/arm-none-eabi/6.3.1/../../../../arm-none-eabi/lib/thumb/v7-m\libc.a(lib_a-itoa.o)
 .debug_frame   0x00002cbc       0x34 d:/opt/ac6/systemworkbench/plugins/fr.ac6.mcu.externaltools.arm-none.win32_1.15.0.201708311556/tools/compiler/bin/../lib/gcc/arm-none-eabi/6.3.1/../../../../arm-none-eabi/lib/thumb/v7-m\libc.a(lib_a-memset.o)
 .debug_frame   0x00002cf0       0x84 d:/opt/ac6/systemworkbench/plugins/fr.ac6.mcu.externaltools.arm-none.win32_1.15.0.201708311556/tools/compiler/bin/../lib/gcc/arm-none-eabi/6.3.1/../../../../arm-none-eabi/lib/thumb/v7-m\libc.a(lib_a-sprintf.o)
 .debug_frame   0x00002d74       0x40 d:/opt/ac6/systemworkbench/plugins/fr.ac6.mcu.externaltools.arm-none.win32_1.15.0.201708311556/tools/compiler/bin/../lib/gcc/arm-none-eabi/6.3.1/../../../../arm-none-eabi/lib/thumb/v7-m\libc.a(lib_a-svfprintf.o)
 .debug_frame   0x00002db4       0x4c d:/opt/ac6/systemworkbench/plugins/fr.ac6.mcu.externaltools.arm-none.win32_1.15.0.201708311556/tools/compiler/bin/../lib/gcc/arm-none-eabi/6.3.1/../../../../arm-none-eabi/lib/thumb/v7-m\libc.a(lib_a-utoa.o)
 .debug_frame   0x00002e00       0x5c d:/opt/ac6/systemworkbench/plugins/fr.ac6.mcu.externaltools.arm-none.win32_1.15.0.201708311556/tools/compiler/bin/../lib/gcc/arm-none-eabi/6.3.1/../../../../arm-none-eabi/lib/thumb/v7-m\libc.a(lib_a-__call_atexit.o)
 .debug_frame   0x00002e5c       0x20 d:/opt/ac6/systemworkbench/plugins/fr.ac6.mcu.externaltools.arm-none.win32_1.15.0.201708311556/tools/compiler/bin/../lib/gcc/arm-none-eabi/6.3.1/../../../../arm-none-eabi/lib/thumb/v7-m\libc.a(lib_a-atexit.o)
 .debug_frame   0x00002e7c       0x84 d:/opt/ac6/systemworkbench/plugins/fr.ac6.mcu.externaltools.arm-none.win32_1.15.0.201708311556/tools/compiler/bin/../lib/gcc/arm-none-eabi/6.3.1/../../../../arm-none-eabi/lib/thumb/v7-m\libc.a(lib_a-dtoa.o)
 .debug_frame   0x00002f00       0x34 d:/opt/ac6/systemworkbench/plugins/fr.ac6.mcu.externaltools.arm-none.win32_1.15.0.201708311556/tools/compiler/bin/../lib/gcc/arm-none-eabi/6.3.1/../../../../arm-none-eabi/lib/thumb/v7-m\libc.a(lib_a-fini.o)
 .debug_frame   0x00002f34       0x40 d:/opt/ac6/systemworkbench/plugins/fr.ac6.mcu.externaltools.arm-none.win32_1.15.0.201708311556/tools/compiler/bin/../lib/gcc/arm-none-eabi/6.3.1/../../../../arm-none-eabi/lib/thumb/v7-m\libc.a(lib_a-localeconv.o)
 .debug_frame   0x00002f74       0xb0 d:/opt/ac6/systemworkbench/plugins/fr.ac6.mcu.externaltools.arm-none.win32_1.15.0.201708311556/tools/compiler/bin/../lib/gcc/arm-none-eabi/6.3.1/../../../../arm-none-eabi/lib/thumb/v7-m\libc.a(lib_a-lock.o)
 .debug_frame   0x00003024       0x54 d:/opt/ac6/systemworkbench/plugins/fr.ac6.mcu.externaltools.arm-none.win32_1.15.0.201708311556/tools/compiler/bin/../lib/gcc/arm-none-eabi/6.3.1/../../../../arm-none-eabi/lib/thumb/v7-m\libc.a(lib_a-mallocr.o)
 .debug_frame   0x00003078       0x34 d:/opt/ac6/systemworkbench/plugins/fr.ac6.mcu.externaltools.arm-none.win32_1.15.0.201708311556/tools/compiler/bin/../lib/gcc/arm-none-eabi/6.3.1/../../../../arm-none-eabi/lib/thumb/v7-m\libc.a(lib_a-memchr-stub.o)
 .debug_frame   0x000030ac       0x30 d:/opt/ac6/systemworkbench/plugins/fr.ac6.mcu.externaltools.arm-none.win32_1.15.0.201708311556/tools/compiler/bin/../lib/gcc/arm-none-eabi/6.3.1/../../../../arm-none-eabi/lib/thumb/v7-m\libc.a(lib_a-mlock.o)
 .debug_frame   0x000030dc      0x260 d:/opt/ac6/systemworkbench/plugins/fr.ac6.mcu.externaltools.arm-none.win32_1.15.0.201708311556/tools/compiler/bin/../lib/gcc/arm-none-eabi/6.3.1/../../../../arm-none-eabi/lib/thumb/v7-m\libc.a(lib_a-mprec.o)
 .debug_frame   0x0000333c       0x2c d:/opt/ac6/systemworkbench/plugins/fr.ac6.mcu.externaltools.arm-none.win32_1.15.0.201708311556/tools/compiler/bin/../lib/gcc/arm-none-eabi/6.3.1/../../../../arm-none-eabi/lib/thumb/v7-m\libc.a(lib_a-sbrkr.o)
 .debug_frame   0x00003368       0x20 d:/opt/ac6/systemworkbench/plugins/fr.ac6.mcu.externaltools.arm-none.win32_1.15.0.201708311556/tools/compiler/bin/../lib/gcc/arm-none-eabi/6.3.1/../../../../arm-none-eabi/lib/thumb/v7-m\libc.a(lib_a-strlen-stub.o)
 .debug_frame   0x00003388       0x78 d:/opt/ac6/systemworkbench/plugins/fr.ac6.mcu.externaltools.arm-none.win32_1.15.0.201708311556/tools/compiler/bin/../lib/gcc/arm-none-eabi/6.3.1/../../../../arm-none-eabi/lib/thumb/v7-m\libc.a(lib_a-svfiprintf.o)
 .debug_frame   0x00003400       0x34 d:/opt/ac6/systemworkbench/plugins/fr.ac6.mcu.externaltools.arm-none.win32_1.15.0.201708311556/tools/compiler/bin/../lib/gcc/arm-none-eabi/6.3.1/../../../../arm-none-eabi/lib/thumb/v7-m\libc.a(lib_a-__atexit.o)
 .debug_frame   0x00003434       0x28 d:/opt/ac6/systemworkbench/plugins/fr.ac6.mcu.externaltools.arm-none.win32_1.15.0.201708311556/tools/compiler/bin/../lib/gcc/arm-none-eabi/6.3.1/../../../../arm-none-eabi/lib/thumb/v7-m\libc.a(lib_a-callocr.o)
 .debug_frame   0x0000345c       0x74 d:/opt/ac6/systemworkbench/plugins/fr.ac6.mcu.externaltools.arm-none.win32_1.15.0.201708311556/tools/compiler/bin/../lib/gcc/arm-none-eabi/6.3.1/../../../../arm-none-eabi/lib/thumb/v7-m\libc.a(lib_a-freer.o)
 .debug_frame   0x000034d0       0x6c d:/opt/ac6/systemworkbench/plugins/fr.ac6.mcu.externaltools.arm-none.win32_1.15.0.201708311556/tools/compiler/bin/../lib/gcc/arm-none-eabi/6.3.1/../../../../arm-none-eabi/lib/thumb/v7-m\libc.a(lib_a-locale.o)
 .debug_frame   0x0000353c       0x4c d:/opt/ac6/systemworkbench/plugins/fr.ac6.mcu.externaltools.arm-none.win32_1.15.0.201708311556/tools/compiler/bin/../lib/gcc/arm-none-eabi/6.3.1/../../../../arm-none-eabi/lib/thumb/v7-m\libc.a(lib_a-mbtowc_r.o)
 .debug_frame   0x00003588       0x30 d:/opt/ac6/systemworkbench/plugins/fr.ac6.mcu.externaltools.arm-none.win32_1.15.0.201708311556/tools/compiler/bin/../lib/gcc/arm-none-eabi/6.3.1/../../../../arm-none-eabi/lib/thumb/v7-m\libc.a(lib_a-memmove.o)
 .debug_frame   0x000035b8       0x68 d:/opt/ac6/systemworkbench/plugins/fr.ac6.mcu.externaltools.arm-none.win32_1.15.0.201708311556/tools/compiler/bin/../lib/gcc/arm-none-eabi/6.3.1/../../../../arm-none-eabi/lib/thumb/v7-m\libc.a(lib_a-reallocr.o)
 .debug_frame   0x00003620       0x58 d:/opt/ac6/systemworkbench/plugins/fr.ac6.mcu.externaltools.arm-none.win32_1.15.0.201708311556/tools/compiler/bin/../lib/gcc/arm-none-eabi/6.3.1/../../../../arm-none-eabi/lib/thumb/v7-m\libc.a(lib_a-reent.o)
 .debug_frame   0x00003678       0x3c d:/opt/ac6/systemworkbench/plugins/fr.ac6.mcu.externaltools.arm-none.win32_1.15.0.201708311556/tools/compiler/bin/../lib/gcc/arm-none-eabi/6.3.1/../../../../arm-none-eabi/lib/thumb/v7-m\libc.a(lib_a-wctomb_r.o)
 .debug_frame   0x000036b4       0xac d:/opt/ac6/systemworkbench/plugins/fr.ac6.mcu.externaltools.arm-none.win32_1.15.0.201708311556/tools/compiler/bin/../lib/gcc/arm-none-eabi/6.3.1/thumb/v7-m\libgcc.a(_arm_addsubdf3.o)
 .debug_frame   0x00003760       0x50 d:/opt/ac6/systemworkbench/plugins/fr.ac6.mcu.externaltools.arm-none.win32_1.15.0.201708311556/tools/compiler/bin/../lib/gcc/arm-none-eabi/6.3.1/thumb/v7-m\libgcc.a(_arm_muldivdf3.o)
 .debug_frame   0x000037b0       0xc4 d:/opt/ac6/systemworkbench/plugins/fr.ac6.mcu.externaltools.arm-none.win32_1.15.0.201708311556/tools/compiler/bin/../lib/gcc/arm-none-eabi/6.3.1/thumb/v7-m\libgcc.a(_arm_cmpdf2.o)
 .debug_frame   0x00003874       0x20 d:/opt/ac6/systemworkbench/plugins/fr.ac6.mcu.externaltools.arm-none.win32_1.15.0.201708311556/tools/compiler/bin/../lib/gcc/arm-none-eabi/6.3.1/thumb/v7-m\libgcc.a(_arm_unorddf2.o)
 .debug_frame   0x00003894       0x24 d:/opt/ac6/systemworkbench/plugins/fr.ac6.mcu.externaltools.arm-none.win32_1.15.0.201708311556/tools/compiler/bin/../lib/gcc/arm-none-eabi/6.3.1/thumb/v7-m\libgcc.a(_arm_fixdfsi.o)
 .debug_frame   0x000038b8       0x2c d:/opt/ac6/systemworkbench/plugins/fr.ac6.mcu.externaltools.arm-none.win32_1.15.0.201708311556/tools/compiler/bin/../lib/gcc/arm-none-eabi/6.3.1/thumb/v7-m\libgcc.a(_aeabi_uldivmod.o)